PowerShell 7.2.1
Copyright (c) Microsoft Corporation.

https://aka.ms/powershell
Type 'help' to get help.

PS C:\Users\Charles Tambunan> D:
PS D:\> ssh ctambunan@192.168.37.129
The authenticity of host '192.168.37.129 (192.168.37.129)' can't be established.
ECDSA key fingerprint is SHA256:XP02CDkO62ckai1UGLkXeyj7sP0uY4Up6vfFijQFYOo.
Are you sure you want to continue connecting (yes/no/[fingerprint])? yes
Warning: Permanently added '192.168.37.129' (ECDSA) to the list of known hosts.
ctambunan@192.168.37.129's password:
Web console: https://fedora:9090/ or https://192.168.37.129:9090/

Last login: Fri Jan 21 17:23:27 2022
[ctambunan@fedora ~]$ sudo su
[sudo] password for ctambunan:
[root@fedora ctambunan]# history
    1  history
[root@fedora ctambunan]# systemctl get-default graphical.target
Too many arguments.
[root@fedora ctambunan]# systemctl get-default
multi-user.target
[root@fedora ctambunan]# sudo systemctl isolate multi-user.target
[root@fedora ctambunan]# systemctl set-default multi-user.target
[root@fedora ctambunan]# systemctl reboot
[root@fedora ctambunan]# Connection to 192.168.37.129 closed by remote host.
Connection to 192.168.37.129 closed.
PS D:\> ssh ctambunan@192.168.37.129
ctambunan@192.168.37.129's password:
Web console: https://fedora:9090/ or https://192.168.37.129:9090/

Last login: Fri Jan 21 17:33:53 2022
[ctambunan@fedora ~]$ sudo su
[sudo] password for ctambunan:
[root@fedora ctambunan]# mount
proc on /proc type proc (rw,nosuid,nodev,noexec,relatime)
sysfs on /sys type sysfs (rw,nosuid,nodev,noexec,relatime,seclabel)
devtmpfs on /dev type devtmpfs (rw,nosuid,seclabel,size=968656k,nr_inodes=242164,mode=755,inode64)
securityfs on /sys/kernel/security type securityfs (rw,nosuid,nodev,noexec,relatime)
tmpfs on /dev/shm type tmpfs (rw,nosuid,nodev,seclabel,inode64)
devpts on /dev/pts type devpts (rw,nosuid,noexec,relatime,seclabel,gid=5,mode=620,ptmxmode=000)
tmpfs on /run type tmpfs (rw,nosuid,nodev,seclabel,size=395480k,nr_inodes=819200,mode=755,inode64)
cgroup2 on /sys/fs/cgroup type cgroup2 (rw,nosuid,nodev,noexec,relatime,seclabel,nsdelegate,memory_recursiveprot)
pstore on /sys/fs/pstore type pstore (rw,nosuid,nodev,noexec,relatime,seclabel)
none on /sys/fs/bpf type bpf (rw,nosuid,nodev,noexec,relatime,mode=700)
/dev/nvme0n1p2 on / type xfs (rw,relatime,seclabel,attr2,inode64,logbufs=8,logbsize=32k,noquota)
selinuxfs on /sys/fs/selinux type selinuxfs (rw,nosuid,noexec,relatime)
systemd-1 on /proc/sys/fs/binfmt_misc type autofs (rw,relatime,fd=31,pgrp=1,timeout=0,minproto=5,maxproto=5,direct,pipe_ino=23302)
hugetlbfs on /dev/hugepages type hugetlbfs (rw,relatime,seclabel,pagesize=2M)
mqueue on /dev/mqueue type mqueue (rw,nosuid,nodev,noexec,relatime,seclabel)
debugfs on /sys/kernel/debug type debugfs (rw,nosuid,nodev,noexec,relatime,seclabel)
tracefs on /sys/kernel/tracing type tracefs (rw,nosuid,nodev,noexec,relatime,seclabel)
fusectl on /sys/fs/fuse/connections type fusectl (rw,nosuid,nodev,noexec,relatime)
configfs on /sys/kernel/config type configfs (rw,nosuid,nodev,noexec,relatime)
tmpfs on /tmp type tmpfs (rw,nosuid,nodev,seclabel,nr_inodes=1048576,inode64)
/dev/nvme0n1p3 on /home type xfs (rw,relatime,seclabel,attr2,inode64,logbufs=8,logbsize=32k,noquota)
/dev/nvme0n1p1 on /boot type xfs (rw,relatime,seclabel,attr2,inode64,logbufs=8,logbsize=32k,noquota)
/dev/nvme0n1p5 on /var type xfs (rw,relatime,seclabel,attr2,inode64,logbufs=8,logbsize=32k,noquota)
sunrpc on /var/lib/nfs/rpc_pipefs type rpc_pipefs (rw,relatime)
tmpfs on /run/user/1000 type tmpfs (rw,nosuid,nodev,relatime,seclabel,size=197736k,nr_inodes=49434,mode=700,uid=1000,gid=1000,inode64)
[root@fedora ctambunan]# history
    1  ip a
    2  ls
    3  ls -la
    4  history
    5  systemctl get-default graphical.target
    6  systemctl get-default
    7  sudo systemctl isolate multi-user.target
    8  systemctl set-default multi-user.target
    9  systemctl reboot
   10  mount
   11  history
[root@fedora ctambunan]# systemd.unit=rescue.target
bash: systemd.unit=rescue.target: command not found
[root@fedora ctambunan]#
[root@fedora ctambunan]# mount
proc on /proc type proc (rw,nosuid,nodev,noexec,relatime)
sysfs on /sys type sysfs (rw,nosuid,nodev,noexec,relatime,seclabel)
devtmpfs on /dev type devtmpfs (rw,nosuid,seclabel,size=968656k,nr_inodes=242164,mode=755,inode64)
securityfs on /sys/kernel/security type securityfs (rw,nosuid,nodev,noexec,relatime)


tmpfs on /dev/shm type tmpfs (rw,nosuid,nodev,seclabel,inode64)
devpts on /dev/pts type devpts (rw,nosuid,noexec,relatime,seclabel,gid=5,mode=620,ptmxmode=000)
tmpfs on /run type tmpfs (rw,nosuid,nodev,seclabel,size=395480k,nr_inodes=819200,mode=755,inode64)
cgroup2 on /sys/fs/cgroup type cgroup2 (rw,nosuid,nodev,noexec,relatime,seclabel,nsdelegate,memory_recursiveprot)
pstore on /sys/fs/pstore type pstore (rw,nosuid,nodev,noexec,relatime,seclabel)
none on /sys/fs/bpf type bpf (rw,nosuid,nodev,noexec,relatime,mode=700)
/dev/nvme0n1p2 on / type xfs (rw,relatime,seclabel,attr2,inode64,logbufs=8,logbsize=32k,noquota)
selinuxfs on /sys/fs/selinux type selinuxfs (rw,nosuid,noexec,relatime)
systemd-1 on /proc/sys/fs/binfmt_misc type autofs (rw,relatime,fd=31,pgrp=1,timeout=0,minproto=5,maxproto=5,direct,pipe_ino=23302)
hugetlbfs on /dev/hugepages type hugetlbfs (rw,relatime,seclabel,pagesize=2M)
mqueue on /dev/mqueue type mqueue (rw,nosuid,nodev,noexec,relatime,seclabel)
debugfs on /sys/kernel/debug type debugfs (rw,nosuid,nodev,noexec,relatime,seclabel)
tracefs on /sys/kernel/tracing type tracefs (rw,nosuid,nodev,noexec,relatime,seclabel)
fusectl on /sys/fs/fuse/connections type fusectl (rw,nosuid,nodev,noexec,relatime)
configfs on /sys/kernel/config type configfs (rw,nosuid,nodev,noexec,relatime)
tmpfs on /tmp type tmpfs (rw,nosuid,nodev,seclabel,nr_inodes=1048576,inode64)
/dev/nvme0n1p3 on /home type xfs (rw,relatime,seclabel,attr2,inode64,logbufs=8,logbsize=32k,noquota)
/dev/nvme0n1p1 on /boot type xfs (rw,relatime,seclabel,attr2,inode64,logbufs=8,logbsize=32k,noquota)
/dev/nvme0n1p5 on /var type xfs (rw,relatime,seclabel,attr2,inode64,logbufs=8,logbsize=32k,noquota)
sunrpc on /var/lib/nfs/rpc_pipefs type rpc_pipefs (rw,relatime)
tmpfs on /run/user/1000 type tmpfs (rw,nosuid,nodev,relatime,seclabel,size=197736k,nr_inodes=49434,mode=700,uid=1000,gid=1000,inode64)
[root@fedora ctambunan]# mount -o remount,rw /
[root@fedora ctambunan]# mount -a
[root@fedora ctambunan]# vim /etc/fstab
bash: vim: command not found
[root@fedora ctambunan]# vi /etc/fstab
[root@fedora ctambunan]# systemctl daemon-reload
[root@fedora ctambunan]# mount -a
[root@fedora ctambunan]# systemctl reboot
[root@fedora ctambunan]# Connection to 192.168.37.129 closed by remote host.
Connection to 192.168.37.129 closed.
PS D:\>
PS D:\> history

  Id     Duration CommandLine
  --     -------- -----------
   1        0.087 D:
   2     3:36.898 ssh ctambunan@192.168.37.129
   3    12:46.908 ssh ctambunan@192.168.37.129

PS D:\> ssh ctambunan@192.168.37.129
ctambunan@192.168.37.129's password:
Permission denied, please try again.
ctambunan@192.168.37.129's password:
Web console: https://fedora:9090/ or https://192.168.37.129:9090/

Last failed login: Fri Jan 21 17:51:36 WIB 2022 from 192.168.37.1 on ssh:notty
There was 1 failed login attempt since the last successful login.
Last login: Fri Jan 21 17:34:02 2022 from 192.168.37.1
[ctambunan@fedora ~]$ sudo su
[sudo] password for ctambunan:
[root@fedora ctambunan]# history
    1  ip a
    2  ls
    3  ls -la
    4  history
    5  systemctl get-default graphical.target
    6  systemctl get-default
    7  sudo systemctl isolate multi-user.target
    8  systemctl set-default multi-user.target
    9  systemctl reboot
   10  mount
   11  history
   12  systemd.unit=rescue.target
   13  mount
   14  mount -o remount,rw /
   15  mount -a
   16  vim /etc/fstab
   17  vi /etc/fstab
   18  systemctl daemon-reload
   19  mount -a
   20  systemctl reboot
   21  history
[root@fedora ctambunan]# poweroffclient_loop: send disconnect: Connection reset
PS D:\> ssh ctambunan@192.168.37.129
ctambunan@192.168.37.129's password:
Permission denied, please try again.
ctambunan@192.168.37.129's password:
Permission denied, please try again.
ctambunan@192.168.37.129's password:
Web console: https://fedora:9090/ or https://192.168.37.129:9090/

Last failed login: Fri Jan 21 19:11:34 WIB 2022 from 192.168.37.1 on ssh:notty
There were 2 failed login attempts since the last successful login.
Last login: Fri Jan 21 17:51:40 2022 from 192.168.37.1
[ctambunan@fedora ~]$ sudo su
[sudo] password for ctambunan:
[root@fedora ctambunan]# poweroff
[root@fedora ctambunan]# Connection to 192.168.37.129 closed by remote host.
Connection to 192.168.37.129 closed.
PS D:\>