PowerShell 7.2.1
Copyright (c) Microsoft Corporation.

https://aka.ms/powershell
Type 'help' to get help.

PS C:\Users\Charles Tambunan> D:
PS D:\> ssh ctambunan@192.168.37.136
ctambunan@192.168.37.136's password:
Web console: https://fedora:9090/ or https://192.168.37.136:9090/

Last login: Fri Jan 21 02:19:37 2022
[ctambunan@fedora ~]$ sudo su
[sudo] password for ctambunan:
[root@fedora 02:20:03 /home/ctambunan]$ sudo -i
[root@fedora 02:20:56 ~]$  nfsconf --set nfsd udp n


[root@fedora 02:20:59 ~]$  nfsconf --set nfsd vers2 n
[root@fedora 02:21:14 ~]$  nfsconf --set nfsd vers3 n
[root@fedora 02:21:22 ~]$ nfsconf --set nfsd tcp y
[root@fedora 02:21:33 ~]$ nfsconf --set nfsd vers4 y
[root@fedora 02:21:44 ~]$ nfsconf --set nfsd vers4.0 y
[root@fedora 02:21:51 ~]$ nfsconf --set nfsd vers4.1 y
[root@fedora 02:21:58 ~]$  nfsconf --set nfsd vers4.2 y
[root@fedora 02:22:04 ~]$ mkdir /mantappu
[root@fedora 02:22:24 ~]$ mount -t nfs serverb.lab.example.com:/shares/
public /mantappu
mount: serverb.lab.example.com:/shares/: can't find in /etc/fstab.
-bash: public: command not found
[root@fedora 02:22:52 ~]$ mount -t nfs serverb.lab.example.com:/shares/mantclnt_create: RPC: Unknown host
mount | grep public
mount: serverb.lab.example.commount: can't find in /etc/fstab.
[root@fedora 02:24:35 ~]$ mount | grep public
[root@fedora 02:24:37 ~]$ umount /mantappu
umount: /mantappu: not mounted.
[root@fedora 02:24:47 ~]$ mount | grep mantappu
[root@fedora 02:24:56 ~]$ umount /mantappu
umount: /mantappu: not mounted.
[root@fedora 02:24:59 ~]$ mount -t nfs serverb.lab.example.com:/shares/mantappu /mantappu/
^C
[root@fedora 02:25:17 ~]$ mount -t nfs serverb.lab.example.com:/shares/mantappu /mantappu
^C
[root@fedora 02:25:20 ~]$ mount -t nfs serverb.lab.example.com:/shares/public /mantappu
^C
[root@fedora 02:25:27 ~]$ vim /etc/fstab
[root@fedora 02:25:58 ~]$ ls -l
total 4
-rw-------. 1 root root 826 Jan  3 16:55 anaconda-ks.cfg
drwxr-xr-x. 2 root root   6 Jan 20 17:10 dockbreak
drwxr-xr-x. 2 root root  24 Jan 17 16:22 public_html
drwxr-xr-x. 3 root root  21 Jan 14 16:16 shares
[root@fedora 02:26:10 ~]$ ls -l /mantappu
total 0
[root@fedora 02:26:19 ~]$ systemctl reboot
[root@fedora 02:26:26 ~]$ Connection to 192.168.37.136 closed by remote host.
Connection to 192.168.37.136 closed.
PS D:\> ssh ctambunan@192.168.37.136
ssh: connect to host 192.168.37.136 port 22: Connection timed out
PS D:\> ssh ctambunan@192.168.37.136
PS D:\> ssh ctambunan@192.168.37.136
ctambunan@192.168.37.136's password:
Web console: https://fedora:9090/ or https://192.168.37.136:9090/

Last login: Fri Jan 21 02:28:49 2022
[ctambunan@fedora ~]$ sudo su
[sudo] password for ctambunan:
[root@fedora 02:29:03 /home/ctambunan]$ ls -l /mantappu
total 0
[root@fedora 02:29:22 /home/ctambunan]$ cat /mantappu/NOTES.txt
cat: /mantappu/NOTES.txt: No such file or directory
[root@fedora 02:29:36 /home/ctambunan]$ echo "This is a test" > /mantappu/Test.txt
[root@fedora 02:29:53 /home/ctambunan]$ cat /mantappu/Test.txt
This is a test
[root@fedora 02:30:04 /home/ctambunan]$ history
    5  ls -la
    6  touch charles.h
    7  vim charles.h
    8  vim charles.h
    9  clear
   10  vim charles.h
   11  tar -czvf charles.tar.gz charles.h
   12  ls -la
   13  cat charles.tar.gz
   14  mv charles.h charles.tar
   15  cp charles.tar.gz charles.tar
   16  ls -la
   17  cp charles.h santy_oktavia.c
   18  ls -la
   19  scp man
   20  man scp
   21  scp charlestambunan@192.168.37.133
   22  scp charlestambunan@192.168.37.133:charles.tar
   23  scp -r charlestambunan@192.168.37.133:charles.tar
   24  scp ctambunan@192.168.37.133:/etc/hostname /home/user
   25  scp charlestambunan@192.168.37.133:/etc/hostname /home/user
   26  scp charlestambunan@192.168.37.133:/home/charlestambunan/charles.h
   27  scp charlestambunan@192.168.37.133:/home/charlestambunan/charles.h /Music
   28  scp charlestambunan@192.168.37.133:/home/charlestambunan/charles.h /home/charlestambunan
   29  scp charlestambunan@192.168.37.133:/home/charlestambunan/charles.h /home/user
   30  scp charlestambunan@192.168.37.133:/home/charlestambunan /home/user
   31  scp charlestambunan@192.168.37.133:/home/charlestambunan/charles.h /home/user
   32  scp charles.h charlestambunan@192.168.37.133:/home/me/
   33  scp charles.h charlestambunan@192.168.37.133:/home/charlestambunan/
   34  history
   35  touch charles11.txt
   36  history >> charles11.txt
   37  cat charles11.txt
   38  ip a
   39  history
   40  rsync -av charlestambunan@192.168.37.133:/home/charlestambunan/
   41  ls -la
   42  history
   43  touch charles14.txt
   44  history >> charles14.txt
   45  ls
   46  ls -la
   47  mkdir TambunanLogFiles
   48  mv charles*.txt TambunanLogFiles/
   49  cat TambunanLogFiles/
   50  ls -la TambunanLogFiles/
   51  history
   52  ls -la
   53  mv '#zcat#' goklas.txt
   54  cp goklas.txt make_the_choice.txt make_the_choice2.txt
   55  cp goklas.txt make_the_choice.txt
   56  ls -la
   57  vim simpan_sesuatu_dengan_baik.txt
   58  vim simpan_sesuatu_dengan_baik.txt
   59  ls -la
   60  cat make_the_choice.txt
   61  cat simpan_sesuatu_dengan_baik.txt
   62   yum-config-manager --add-repo="http://dl.fedoraproject.org/pub/
   63  epel/8/x86_64/"
   64  yum repolist all
   65   yum-config-manager --add-repo="http://dl.fedoraproject.org/pub/
   66  epel/8/x86_64/"
   67  history
   68  touch charles15.txt
   69  history >> charles15.txt
   70  history
   71  clear
   72  clear
   73  history
   74  find
   75  locate
   76  locate charles*.txt
   77  history
   78  ls -la
   79  touch Redhat_Fedora_Linux_History16.txt
   80  history >> Redhat_Fedora_Linux_History16.txt
   81  poweroff
   82  ls -la
   83  history
   84  df -h
   85  df -H
   86  fdisk
   87  lsblk
   88  lsof
   89  touch History_Redhat_Fedora_Server16.txt
   90  lsof >> History_Redhat_Fedora_Server16.txt
   91  cat History_Redhat_Fedora_Server16.txt
   92  history
   93  find
   94  history
   95  sudo yum install cockpit
   96  sudo systemctl enable --now cockpit.socket
   97  sudo firewall-cmd --permanent --zone=public --add-service=cockpit
   98  sudo firewall-cmd --reload
   99  ip a
  100  ls -la
  101  mkdir TambunanG
  102  mv *.txt TambunanJ/
  103  ls -la TambunanJ/
  104  ls -la TambunanJ/ ; cat final.txt
  105  ls -la TambunanJ/ ; cat goklas.txt
  106  ls -la TambunanJ/ ; tail goklas.txt
  107  ls -la TambunanJ ; tail goklas.txt
  108  ls -la TambunanJ/
  109  history
  110  touch TambunanJ/Backup_Redhat_Fedora_Server_24.txt
  111  history >> TambunanJ/Backup_Redhat_Fedora_Server_24.txt
  112  history
  113  touch History_Redhat_Fedora_Server17.txt
  114  history >> History_Redhat_Fedora_Server17.txt
  115  history
  116  poweroff
  117  history
  118  history
  119  ip a
  120  history
  121  history
  122  ls -la
  123  touch History_Redhat_Fedora_Server18.txt
  124  history >> History_Redhat_Fedora_Server18.txt
  125  sudo yum install cockpit
  126  sudo systemctl enable --now cockpit.socket
  127  sudo firewall-cmd --permanent --zone=public --add-service=cockpit
  128  sudo firewall-cmd --reload
  129  history
  130  history
  131  ls -la
  132  ls -la
  133  history
  134  poweroff
  135  vim firstscript.sh
  136  cat output.txt
  137  sh firstscript.sh
  138  cat output.txt
  139  vim firstscript.sh
  140  chmod a+x firstscript.sh
  141  ./firstscript.sh
  142  vim firstscript.sh
  143  ./firstscript.sh
  144  vim firstscript.sh
  145  ./firstscript.sh
  146  cat output.txt
  147  vim andidori.sh
  148  vim andidori.sh
  149  sh andidori.sh
  150  ls -la
  151  mv firstscript.sh andidori.sh /home/ctambunan/
  152  mv output.txt /home/ctambunan/
  153  ls -la /home/ctambunan/
  154  ls -la /home/ctambunan/TambunanLogFiles/
  155  mkdir /home/ctambunan/TambunanShellScripting
  156  mv /home/ctambunan/firstscript.sh /home/ctambunan/TambunanShellScripting/; mv /home/ctambunan/andidori.sh /home/ctambunan/TambunanShellScripting/
  157  ls -la /home/ctambunan/TambunanShellScripting/ ; ls -la /home/ctambunan/TambunanShellScripting/
  158  history
  159  touch /home/ctambunan/TambunanShellScripting/History_Redhat_Fedora_Server_41.txt
  160  history >> /home/ctambunan/TambunanShellScripting/History_Redhat_Fedora_Server_41.txt
  161  cd ..
  162  histor
  163  history
  164  touch /home/ctambunan/TambunanShellScripting/SecondScript.sh
  165  vim /home/ctambunan/TambunanShellScripting/SecondScript.sh
  166  sh /home/ctambunan/TambunanShellScripting/SecondScript.sh
  167  vim /home/ctambunan/TambunanShellScripting/SecondScript.sh
  168  sh /home/ctambunan/TambunanShellScripting/SecondScript.sh
  169  vim /home/ctambunan/TambunanShellScripting/SecondScript.sh
  170  sh /home/ctambunan/TambunanShellScripting/SecondScript.sh
  171  sh /home/ctambunan/TambunanShellScripting/SecondScript.sh
  172  vim /home/ctambunan/TambunanShellScripting/SecondScript.sh
  173  sh /home/ctambunan/TambunanShellScripting/SecondScript.sh
  174  history
  175  touch /home/ctambunan/TambunanShellScripting/History_of_Redhat_Fedora_Server_42.txt
  176  history >> /home/ctambunan/TambunanShellScripting/History_of_Redhat_Fedora_Server_42.txt
  177  cat /home/ctambunan/TambunanShellScripting/History_of_Redhat_Fedora_Server_42.txt
  178  cat /home/ctambunan/TambunanShellScripting/History_of_Redhat_Fedora_Server_42.txt
  179  systemctl status cockpit
  180  systemctl status cockpit.service
  181  systemctl restart cockpit.service
  182  systemctl enable cockpit.service
  183  systemctl status cockpit.service
  184  ip a
  185  ls -la
  186  timedatectl
  187  timedatectl -s
  188  timedatectl man
  189  man timedatectl
  190  history
  191  ls -la
  192  cd /home/ctambunan/TambunanShellScripting/
  193  ls -la
  194  vim SecondScript.sh
  195  vim SecondScript.sh
  196  sh SecondScript.sh
  197  vim SecondScript.sh
  198  sh SecondScript.sh
  199  vim SecondScript.sh
  200  sh SecondScript.sh
  201  history
  202  ls -la
  203  touch History_of_Redhat_Fedora_Server_43.txt
  204  mv History_Redhat_Fedora_Server_41.txt History_of_Redhat_Fedora_Server_41.txt
  205  ls -la
  206  history
  207  history >> History_of_Redhat_Fedora_Server_43.txt
  208  cat History_of_Redhat_Fedora_Server_43.txt
  209  exit
  210  ls -la
  211  which hello
  212  echo $PATH
  213  echo # not a comment #
  214  echo \# not a comment #
  215  echo \# not a comment \#
  216  echo '# not a comment #'
  217  var=$(hostname -s); echo $var
  218  echo Your Username variable is \$USER
  219  echo Your Username variable is \$USER.
  220  echo Your Username variable is \$USER .
  221  cat ~/bin/hello
  222  cat ~/bin/hello
  223  hello
  224  cd ~
  225  cat ~/bin/hello
  226  sudo su
  227  exit
  228  ip a
  229  history
  230  ls -la
  231  cd TambunanShellScripting/
  232  ls -la
  233  touch ThirdScript.sh
  234  vim ThirdScript.sh
  235  sh ThirdScript.sh
  236  vim ThirdScript.sh
  237  sh ThirdScript.sh
  238  vim ThirdScript.sh
  239  sh ThirdScript.sh
  240  vim ThirdScript.sh
  241  sh ThirdScript.sh
  242  vim ThirdScript.sh
  243  sh ThirdScript.sh
  244  sh ThirdScript.sh
  245  vim ThirdScript.sh
  246  sh ThirdScript.sh
  247  vim ThirdScript.sh
  248  sh ThirdScript.sh
  249  vim ThirdScript.sh
  250  sh ThirdScript.sh
  251  vim ThirdScript.sh
  252  vim ThirdScript.sh
  253  sh ThirdScript.sh
  254  vim ThirdScript.sh
  255  sh ThirdScript.sh
  256  vim ThirdScript.sh
  257  vim ThirdScript.sh
  258  sh ThirdScript.sh
  259  vim ThirdScript.sh
  260  vim ThirdScript.sh
  261  sh ThirdScript.sh
  262  vim ThirdScript.sh
  263  sh ThirdScript.sh
  264  vim ThirdScript.sh
  265  vim ThirdScript.sh
  266  sh ThirdScript.sh
  267  ls -la
  268  vim ThirdScript.sh
  269  vim ThirdScript.sh
  270  sh ThirdScript.sh
  271  ls -la
  272  cd sean_gelael/
  273  ls -la
  274  cd ..
  275  vim ThirdScript.sh
  276  sh ThirdScript.sh
  277  ls -la
  278  sh ThirdScript.sh
  279  vim ThirdScript.sh
  280  sh ThirdScript.sh
  281  vim ThirdScript.sh
  282  sh ThirdScript.sh
  283  ls -la
  284  sh ThirdScript.sh
  285  vim ThirdScript.sh
  286  sh ThirdScript.sh
  287  vim ThirdScript.sh
  288  sh ThirdScript.sh
  289  ls -la
  290  vim ThirdScript.sh
  291  sh ThirdScript.sh
  292  ls -la
  293  vim ThirdScript.sh
  294  cat ThirdScript.sh
  295  vim FouthScript.sh
  296  sh ThirdScript.sh
  297  ls -la
  298  cat FouthScript.sh
  299  sh FouthScript.sh
  300  vim FouthScript.sh
  301  sh FouthScript.sh
  302  ls -la
  303  ls -la sean_gelael
  304  vim FouthScript.sh
  305  mv FouthScript.sh FourthScript.sh
  306  ls -la
  307  touch FiveScript.sh
  308  vim FiveScript.sh
  309  sh FiveScript.sh
  310  vim FiveScript.sh
  311  sh FiveScript.sh
  312  vim FiveScript.sh
  313  vim FourthScript.sh
  314  cat FiveScript.sh
  315  vim FiveScript.sh
  316  sh FiveScript.sh
  317  vim FiveScript.sh
  318  history
  319  ls -la
  320  touch History_of_Redhat_Fedora_Server_44.txt
  321  history >> History_of_Redhat_Fedora_Server_44.txt
  322  cat History_of_Redhat_Fedora_Server_44.txt
  323  ls -la
  324  cat ThirdScript.sh
  325  sh ThirdScript.sh
  326  vim ThirdScript.sh
  327  for i in {1..6}; do touch test$i.txt ; done
  328  ls -la
  329  ls History_of_Redhat_Fedora_Server_41.txt
  330  ls History_of_Redhat_Fedora_Server_*
  331  ls History_of_Redhat_Fedora_Server_??.txt
  332  ls History_of_Redhat_Fedora_Server_?3.txt
  333  grep History_of_Redhat_Fedora_Server_4?.txt
  334  cat "Redhat"
  335  echo "Redhat"
  336  echo "Redhat" > test1.txt
  337  cat test1.txt
  338  echo "CentOS"
  339  echo "CentOS" > test1.txt
  340  cat test1.txt
  341  echo "Redhat" >> test1.txt
  342  CAT test1.txt
  343  cat test1.txt
  344  man sed
  345  history
  346  ls -la
  347  ls -la
  348  cat make_the_choice.txt
  349  ls
  350  ls -R
  351  ls -lh
  352  ls -h
  353  ls -H
  354  lh
  355  ls -lh
  356  history
  357  history >> test2.txt
  358  ls -la
  359  man sed
  360  cat History_of_Redhat_Fedora_Server_?4.txt
  361  poweroff
  362  ls -la
  363  scp charlestambunan@192.168.37.133:/home/charlestambunan/charles.h /Music
  364  history
  365  ls -la
  366  ls -lh TambunanShellScripting/
  367  touch TambunanShellScripting/History_Redhat_Fedora_Server{45..50}.txt
  368  ls -la TambunanShellScripting/
  369  mv TambunanShellScripting/History_Redhat_Fedora_Server4*.txt History_of_Redhat_Fedora_Server{46...49}.txt
  370  mv TambunanShellScripting/History_Redhat_Fedora_Server4*.txt History_of_Redhat_Fedora_Server46.txt
  371  cd TambunanShellScripting/
  372  ls -la
  373  mv History_Redhat_Fedora_Server45.txt History_of_Redhat_Fedora_Server_45.txt
  374  mv History_Redhat_Fedora_Server46.txt History_of_Redhat_Fedora_Server_46.txt
  375  mv History_Redhat_Fedora_Server47.txt History_of_Redhat_Fedora_Server_48.txt
  376  mv History_Redhat_Fedora_Server48.txt History_of_Redhat_Fedora_Server_48.txt
  377  mv History_Redhat_Fedora_Server47.txt History_of_Redhat_Fedora_Server_47.txt
  378  ls -la
  379  mv History_of_Redhat_Fedora_Server_48.txt History_of_Redhat_Fedora_Server_47.txt
  380  mv History_Redhat_Fedora_Server_48.txt History_of_Redhat_Fedora_Server_48.txt
  381  mv History_Redhat_Fedora_Server_49.txt History_of_Redhat_Fedora_Server_49.txt
  382  ls -la
  383  mv History_Redhat_Fedora_Server48.txt History_of_Redhat_Fedora_Server_48.txt
  384  mv History_Redhat_Fedora_Server49.txt History_of_Redhat_Fedora_Server_49.txt
  385  mv History_Redhat_Fedora_Server50.txt History_of_Redhat_Fedora_Server_50.txt
  386  ls -la
  387  ls History_of_Redhat_Fedora_Server_4*.txt
  388  ls -la History_of_Redhat_Fedora_Server_4*.txt
  389  ls -lh History_of_Redhat_Fedora_Server_4*.txt
  390  ls -lh History_of_Redhat_Fedora_Server_**.txt
  391  grep ^s
  392  ip a
  393  ip a
  394  history
  395  ls -la
  396  touch History_Redhat_Fedora_Server51.txt
  397  history >> History_Redhat_Fedora_Server51.txt
  398  cat History_Redhat_Fedora_Server51.txt
  399  poweroff
  400  ls -la
  401  history
  402  cat /etc/ethertypes
  403  ls -la
  404  history
  405  cat
  406  less /var/log/messages
  407  ls -la
  408  ls -la TambunanG/
  409  ls -la TambunanShellScripting/
  410  mv History_Redhat_Fedora_Server5*.txt TambunanShellScripting/
  411  ls -la
  412  ls -la TambunanShellScripting/
  413  mv TambunanShellScripting/History_Redhat_Fedora_Server51.txt History_of_Redhat_Fedora_Server51.txt
  414  ls -la TambunanShellScripting/
  415  ls -la
  416  mv History_of_Redhat_Fedora_Server51.txt TambunanShellScripting/
  417  ls -la TambunanShellScripting/
  418  touch TambunanShellScripting/History_of_Redhat_Fedora_Server52.txt
  419  touch TambunanShellScripting/History_of_Redhat_Fedora_Server{53...60}.txt
  420  ls -la TambunanShellScripting/
  421  rm TambunanShellScripting/History_of_Redhat_Fedora_Server{53..60}.txt
  422  ls -la TambunanShellScripting/
  423  touch TambunanShellScripting/History_of_Redhat_Fedora_Server{53..60}.txt
  424  ls -la TambunanShellScripting/
  425  less /var/log/messages >> TambunanShellScripting/History_of_Redhat_Fedora_Server52.txt
  426  cat >> TambunanShellScripting/History_of_Redhat_Fedora_Server52.txt
  427  vim TambunanShellScripting/History_of_Redhat_Fedora_Server52.txt
  428  sudo dnf -y update
  429  sudo dnf -y install vim bash-completion curl wget telnet
  430  sudo sestatus
  431  sudo setenforce 0
  432  sudo sed -i 's/^SELINUX=.*/SELINUX=permissive/g' /etc/selinux/config
  433  cat /etc/selinux/config | grep SELINUX =
  434  cat /etc/selinux/config | grep SELINUX=
  435  sudo dnf -y install httpd
  436  sudo dnf -y install httpd
  437  vim /etc/httpd/conf/httpd.conf
  438  nano /etc/httpd/conf/httpd.conf
  439  nano /etc/httpd/conf/httpd.conf
  440  nano /etc/httpd/conf/httpd.conf
  441  sudo systemctl start httpd
  442  sudo systemctl enable httpd
  443  sudo firewall-cmd --add-service={http,https} --permanent
  444  sudo firewall-cmd --reload
  445  sudo dnf -y install php php-cli php-php-gettext php-mbstring php-mcrypt php-mysqlnd php-pear php-curl php-gd php-xml php-bcmath php-zip
  446  php -v
  447  php -m
  448  vim /etc/php.ini
  449  nano /etc/php.ini
  450  sudo dnf install mariadb-server
  451  sudo vim /etc/my.cnf.d/mariadb-server.cnf
  452  sudo systemctl start mariadb
  453  sudo systemctl enable mariadb
  454  sudo mysql_secure_installation
  455  mysql -u root -p
  456  ls -la
  457  history
  458  sudo firewall-cmd --add-service=mysql --permanent
  459  sudo firewall-cmd --reload
  460  nano /var/www/html/phpinfo.php
  461  sudo systemctl restart httpd
  462  ip a
  463  date
  464  grep '^Mar 22 08:2.*GID' /var/log/secure
  465   grep 'postfix' /var/log/maillog | head -n 2
  466  grep -i 'queue' /etc/postfix/main.cf
  467  ps aux | grep postfix
  468  grep -e qmgr -e pickup -e cleanup /etc/postfix/master.cf
  469  exit
  470  ls -la
  471  history
  472  history
  473  ls -la
  474  history >> TambunanShellScripting/History_of_Redhat_Fedora_Server53.txt
  475  cat history TambunanShellScripting/History_of_Redhat_Fedora_Server53.txt
  476  mkdir -p /home/student/bin/bash-lab
  477  vim /home/student/bin/bash-lab/
  478  vim /home/student/bin/bash-lab
  479  rm /home/student/bin/bash-lab
  480  rm -d /home/student/bin/bash-lab
  481  ls -la
  482  mkdir -p /home/student/bin
  483  vim /home/student/bin/bash-lab.sh
  484  chmod a+x /home/student/bin/bash-lab.sh
  485  vim /home/student/bin/bash-lab.sh
  486  sh /home/student/bin/bash-lab.sh
  487  vim /home/student/bin/bash-lab.sh
  488  sh /home/student/bin/bash-lab.sh
  489  ip a
  490  ls -la /home/
  491  ls -la /home/ctambunan/
  492  ls -la /home/ctambunan/output-servera
  493  cat /home/ctambunan/output-servera
  494  cat /home/ctambunan/output-serverb
  495  cat /home/ctambunan/output-serverb
  496  history
  497  ls -la
  498  cd TambunanShellScripting/
  499  ls -la
  500  vim History_of_Redhat_Fedora_Server54.txt
  501  cat History_of_Redhat_Fedora_Server54.txt
  502  history >> History_of_Redhat_Fedora_Server55.txt
  503  poweroff
  504  ls -la
  505  history
  506  atq
  507  echo "date >> myjob.txt" | at now
  508  atq
  509  watch atq
  510  cat myjob.txt
  511  at -q g teatime
  512  at -q b 16:05
  513  atq
  514  at c -2
  515  at -c 2
  516  at -c 3
  517  atq
  518  history
  519  crontab -e
  520  crontab -e
  521  exit
  522  vi /etc/cron.daily/usercount
  523  chmod +x /etc/cron.daily/usercount
  524  yum install syststat
  525  yum install sysstat
  526  history
  527  cp /usr/lib/systemd/system/sysstat-collect.timer /etc/systemd/system/sysstat-collect.timer
  528  vim /etc/systemd/system/sysstat-collect.timer
  529  systemctl daemon-reload
  530  systemctl enable --now sysstat-collect.timer
  531  while [ $(ls /var/log/sa | wc -l) -eq 0 ]; do sleep 1s; done
  532  ls -l /var/log/sa
  533  ls -l /var/log
  534  ls -l /var/log/sa
  535  date
  536  exit
  537  cp /usr/lib/tmpfiles.d/tmp.conf /etc/tmpfiles.d/tmp.conf
  538  vi /etc/tmpfiles.d/tmp.conf
  539  systemd-tmpfiles --clean /etc/tmpfiles.d/tmp.conf
  540  vim /etc/tmpfiles.d/momentary.conf
  541  systemd-tmpfiles --create /etc/tmpfiles.d/momentary.conf
  542  ls -ld /run/momentary
  543  touch /run/momentary/testfile
  544  sleep 30
  545  systemd-tmpfiles --clean /etc/tmpfiles.d/momentary.conf
  546  ls -l /run/momentary/testfile
  547  ls -l /run/momentary/
  548  ls -l /run/momentary/testfile
  549  history
  550  cd ..
  551  ls -la
  552  cd /home/ctambunan/TambunanShellScripting/
  553  ls -la
  554  vim History_of_Redhat_Fedora_Server56.txt
  555  vim History_of_Redhat_Fedora_Server57.txt
  556  cat History_of_Redhat_Fedora_Server57.txt
  557  history
  558  ls -la
  559  cat History_of_Redhat_Fedora_Server58.txt
  560  vim History_of_Redhat_Fedora_Server58.txt
  561  cat History_of_Redhat_Fedora_Server57.txt
  562  history >> History_of_Redhat_Fedora_Server58.txt
  563  cat History_of_Redhat_Fedora_Server58.txt
  564  ip a
  565  history
  566  poweroff
  567  ls -la
  568  history
  569  ls -la
  570  yum install tuned
  571  systemctl enable --now tuned
  572  tuned-adm active
  573  tuned-adm list
  574  tuned-adm profile throughput-performance
  575  tuned-adm active
  576  tuned-adm recommend
  577  tuned-adm off
  578  tuned-adm active
  579  yum list tuned
  580  systemctl is-enabled tuned.service ; systemctl is-active tuned.service
  581  sudo tuned-adm list
  582  sudo tuned-adm profile powersave
  583  sudo tuned-adm active
  584  history
  585  cat TambunanShellScripting/History_of_Redhat_Fedora_Server60.txt
  586  cat TambunanShellScripting/History_of_Redhat_Fedora_Server59.txt
  587  history >> TambunanShellScripting/History_of_Redhat_Fedora_Server59.txt
  588  ip a
  589  ls -la
  590  ps axo pid, comm, nice,cls --sort=-nice
  591  ps axo pid,comm,nice,cls --sort=-nice
  592  sha1sum /dev/zero & [1] 3480
  593  sha1sum /dev/zero &
  594  ps -o pid,comm,nice 3480
  595  nice sha1sum /dev/zero &
  596  ps -o pid,comm,nice 3517
  597  nice -n 15 sha1sum &
  598  ps -o pid,comm,nice 3521
  599  renice -n 19 3521
  600  renice -n 19 58645
  601  lab tuning-procsheduling start
  602  grep -c '^processor' /proc/cpuinfo
  603  for i in $(seq 1 4); do sha1sum /dev/zero & done
  604  jobs
  605  ps u $(pgrep sha1sum)
  606  pkill sha1sum
  607  for i in $(seq 1 3); do sha1sum /dev/zero & done
  608  nice -n 10 sha1sum /dev/zero &
  609  ps -o pid,pcpu,nice,comm $(pgrep sha1sum)
  610  sudo renice -n 5 58645
  611  ps -o pid,pcpu,nice,comm $(pgrep sha1sum)
  612  history
  613  cat TambunanShellScripting/History_of_Redhat_Fedora_Server60.txt
  614  cat TambunanShellScripting/History_of_Redhat_Fedora_Server59.txt
  615  cat TambunanShellScripting/History_of_Redhat_Fedora_Server59.txt
  616  cat TambunanShellScripting/History_of_Redhat_Fedora_Server60.txt
  617  nano TambunanShellScripting/History_of_Redhat_Fedora_Server60.txt
  618  touch man
  619  man touch
  620  touch TambunanShellScripting/History_of_Redhat_Fedora_Server{61..70}.txt
  621  ls -la TambunanShellScripting/
  622  cat TambunanShellScripting/History_of_Redhat_Fedora_Server60.txt
  623  cat TambunanShellScripting/History_of_Redhat_Fedora_Server61.txt
  624  history >> TambunanShellScripting/History_of_Redhat_Fedora_Server61.txt
  625  ls -la
  626  ls -la TambunanShellScripting/
  627  mv History_Redhat_Fedora_Server1*.txt TambunanShellScripting/sean_gelael/
  628  ls -R TambunanShellScripting/sean_gelael/
  629  ls -R
  630  mv TambunanShellScripting/sean_gelael/History_Redhat_Fedora_Server1*.txt TambunanW/
  631  ls -R TambunanW/
  632  cat TambunanShellScripting/History_of_Redhat_Fedora_Server61.txt
  633  ip a
  634  history >> TambunanShellScripting/History_of_Redhat_Fedora_Server62.txt
  635  poweroff
  636  history
  637  ip a
  638  history
  639  getfacl reports.txt
  640  ls -la
  641  getfacl my_first_cron_job.txt
  642  ls -l my_first_cron_job.txt
  643  mv santy_oktavia.c my_second_cron_job.txt
  644  ls -la
  645  getfacl .
  646  ls -la /run/log/journal/
  647  getfacl /run/log/journal/
  648  ls -la /dev/
  649  ls -la /dev/sr0
  650  getfacl /dev/sr0
  651  ls -la
  652  history
  653  ls -la
  654  setfacl -m u:name:rX my_second_cron_job.txt
  655  setfacl -m u:name:rw my_second_cron_job.txt
  656  setfacl -m g:name:rw my_second_cron_job.txt
  657  cd ~
  658  setfacl -m u:name:rX /home/andi/
  659  setfacl -m u:name:rX /home/andi
  660  setfacl -m u:name:rX /home/andi/
  661  setfacl -m u:name:rX file
  662  ls -la
  663  poweroff
  664  ip a
  665  history
  666  ls -la
  667  mkdir -p shares/content
  668  ls -la
  669  setfacl -Rm g:consultants:rwX shares/content
  670  setfacl -Rm u:andi:rwX shares/content
  671  setfacl -Rm g:andi:rwX shares/content
  672  setfacl -m d:g:andi:rwx shares/content
  673  setfacl -m d:u:andi:- shares/content
  674  history
  675  cd ..
  676  cat /home/ctambunan/TambunanShellScripting/History_of_Redhat_Fedora_Server63.txt
  677  cat /home/ctambunan/TambunanShellScripting/History_of_Redhat_Fedora_Server64.txt
  678  history >> /home/ctambunan/TambunanShellScripting/History_of_Redhat_Fedora_Server64.txt
  679  cat /home/ctambunan/TambunanShellScripting/History_of_Redhat_Fedora_Server64.txt
  680  su - andi
  681  history
  682  cd /home/
  683  ls -la
  684  cd andi/
  685  ls -la
  686  cd user
  687  cd ..
  688  cd ctambunan/
  689  lsa -la
  690  ls
  691  history
  692   setfacl -Rm g:andi:rwX shares/content
  693  cd ~
  694  setfacl -Rm g:andi:rwX shares/content
  695  setfacl -Rm u:operator1:rwX shares/content
  696  setfacl -Rm u:andi:- /shares/content
  697  setfacl -Rm u:andi:- shares/content
  698  setfacl -m d:g:operator1:rwx /shares/content
  699  setfacl -m d:g:operator1:rwx shares/content
  700  setfacl -m d:u:andi:- /shares/content
  701  setfacl -m d:u:andi:- shares/content
  702  su operator2
  703  su - andi
  704  cd shares/content
  705  ls -la
  706   cat serverb-loadavg.txt
  707   touch serverb-loadavg.txt
  708  passwd operator1
  709  su - operator1
  710  touch loadavg.sh
  711  yum install glances
  712  glances
  713  glances >> loadavg.sh
  714  ls -la
  715  cat loadavg.sh
  716  vim loadavg.sh
  717  touch loadavg2.sh
  718  vim loadavg2.sh
  719  mv loadavg2.sh loadavg.sh
  720  cat loadavg.sh
  721  vim loadavg.sh
  722  rm loadavg.sh
  723  cat loadavg2.sh
  724  ls -la
  725  cp loadavg2.sh loadavg1.sh
  726  ls -la
  727  sh loadavg2.sh
  728  mkdir reports
  729  echo "Test Reports" > reports/test.txt
  730  exit
  731  ls -la
  732  history
  733  ip a
  734  history
  735  yum update
  736  ps axZ
  737  systemctl start httpd.socket
  738  systemctl start httpd
  739  ps -zC httpd
  740  ps -ZC httpd
  741  ls -Z /home
  742  ls -z /var/www
  743  ls -Z /var/www
  744  getenforce
  745  setenforce
  746  setenenforce
  747  setenforce
  748  setenforce 0
  749  getenforce
  750  setenforce Enforcing
  751  getenforce
  752  ls -la
  753  history
  754  poweroff
  755  ip a
  756  getenforce
  757  vim /etc/selinux/config
  758  systemctl reboot
  759  getenforce
  760  vim /etc/selinux/config
  761  grep '^SELINUX' /etc/selinux/config
  762  setenforce 1
  763  getenforce
  764  exit
  765  sudo -
  766  sudo -i
  767  history
  768  cd TambunanShellScripting/
  769  ls -la
  770  cat History_of_Redhat_Fedora_Server66.txt
  771  cat History_of_Redhat_Fedora_Server65.txt
  772  history >> History_of_Redhat_Fedora_Server66.txt
  773  ip a
  774  history
  775  poweroff
  776  mkdir /custom
  777  echo 'This is SERVERA. ' > /custom/index.html
  778  vim /etc/httpd/conf/httpd.conf
  779  nano /etc/httpd/conf/httpd.conf
  780  vim /etc/httpd/conf/httpd.conf
  781  grep custom /etc/httpd/conf/httpd.conf
  782  vim /etc/httpd/conf/httpd.conf
  783  grep custom /etc/httpd/conf/httpd.conf
  784  systemctl enable --now httpd
  785  systemctl status httpd
  786  semanage fcontext -a -t httpd_sys_content_t '/custom(/.*)?'
  787  restorecon -Rv /custom
  788  exit
  789  sudo -i
  790  ls -la
  791  history
  792  cd ~
  793  history
  794  exit
  795  vim /etc/httpd/conf.d/userdir.conf
  796  grep '#UserDir' /etc/httpd/conf.d/userdir.conf
  797  grep '^ *UserDir' /etc/httpd/conf.d/userdir.conf
  798  systemctl enable --now httpd
  799  mkdir ~/public_html
  800  echo 'This is student content on Servera.' > \ ~/public_html/index.html
  801  echo 'This is student content on SERVERA.' > \~/public_html/index.html
  802  echo 'This is student content on SERVERA.' > ~/public_html/index.html
  803  chmod 711 ~
  804  getsebool -a | grep home
  805  setsebool -P httpd_enable_homedirs on
  806  ls -la
  807  cd public_html/
  808  ls -la
  809  cat index.html
  810  cd ..
  811  history
  812  cat /home/ctambunan/TambunanShellScripting/History_of_Redhat_Fedora_Server68.txt
  813  history >> /home/ctambunan/TambunanShellScripting/History_of_Redhat_Fedora_Server68.txt
  814  less /var/log/messages
  815  sealert -l b1c9cc8f-a953-4625-b79b-82c4f4f1fee3
  816  SELinux is preventing /usr/sbin/httpd from getattr access on the file /custom/index.html.
  817  less /var/log/messages
  818  ausearch -m AVC -ts recent
  819  semanage fcontext -a -t httpd_sys_content_t '/custom(/.*)?'
  820  exit
  821  su -i
  822  su i
  823  su -i
  824  history
  825  cd TambunanShellScripting/
  826  ls -la
  827  cat History_of_Redhat_Fedora_Server67.txt
  828  history >> History_of_Redhat_Fedora_Server67.txt
  829  getsebool -a
  830  setsebool httpd_enable_homedirs
  831  getsebool httpd_enable_homedirs
  832  setsebool httpd_enable_homedirs on
  833  sudo setsebool httpd_enable_homedirs on
  834  sudo semanage boolean -l | grep httpd_enable_homedirs
  835  getsebool httpd_enable_homedirs
  836  setsebool -P httpd_enable_homedirs on
  837  sudo semanage boolean -l | grep httpd_enable_homedirs
  838  sudo semanage boolean -l -C
  839  sudo -i
  840  history
  841  cat History_of_Redhat_Fedora_Server69.txt
  842  history >> History_of_Redhat_Fedora_Server69.txt
  843  ip a
  844  netstat -tunlp
  845  systemctl start apache
  846  systemctl restart apache
  847  systemctl start httpd
  848  netstat -tunlp
  849  cat History_of_Redhat_Fedora_Server67.txt
  850  cat History_of_Redhat_Fedora_Server68.txt
  851  cat History_of_Redhat_Fedora_Server69.txt
  852  cat History_of_Redhat_Fedora_Server70.txt
  853  ls -la
  854  history >> History_of_Redhat_Fedora_Server70.txt
  855  cat History_of_Redhat_Fedora_Server70.txt
  856  cat History_of_Redhat_Fedora_Server71.txt
  857  touch History_of_Redhat_Fedora_Server{72..80}.txt
  858  ls -la
  859  parted /dev/vda print
  860  ls /dev/
  861  parted /dev/
  862  ls /dev/
  863  ls /dev/disk/
  864  ls /dev/disk/by-label
  865  ls /dev/disk/by-partuuid
  866  parted /dev/nvme0 print
  867  parted /dev/vcsa3
  868  parted /dev/vcs1
  869  parted /dev/vda
  870  clear
  871  history
  872  cat History_of_Redhat_Fedora_Server72.txt
  873  history >> History_of_Redhat_Fedora_Server72.txt
  874  df
  875  exit
  876  ls -la
  877  history
  878  poweroff
  879  history
  880  ip a
  881  ls -la
  882  history
  883  poweroff
  884  ls -la
  885  history
  886  ip a
  887  poweroff
  888  history
  889  ls
  890  ip a
  891  vgs
  892  lvcreate -n lv_testing -L 5G fedora_fedora
  893  lvs
  894  lvdisplay
  895  mkfs.ext4 /dev/fedora_fedora/lv_testing
  896  mkdir /test
  897  mount /dev/fedora_fedora/lv_testing /test
  898  df -H
  899  vi /etc/fstab
  900  umount /test
  901  df -H
  902  mount -H
  903  mount -a
  904  df -H
  905  vgs
  906  history
  907  ls -la
  908  cd TambunanShellScripting/
  909  ls -la
  910  history >> History_of_Redhat_Fedora_Server76.txt
  911  ls -la
  912  history >> History_of_Redhat_Fedora_Server_45.txt
  913  history >> History_of_Redhat_Fedora_Server_46.txt
  914  history >> History_of_Redhat_Fedora_Server_47.txt
  915  history >> History_of_Redhat_Fedora_Server_48.txt
  916  history >> History_of_Redhat_Fedora_Server_49.txt
  917  history >> History_of_Redhat_Fedora_Server_50.txt
  918  ls -la
  919  poweroff
  920  ls -la
  921  hostname charlestambunan
  922  exit
  923  ls -la
  924  history
  925  lvs
  926  vgds
  927  vgs
  928  ip a
  929  ipa
  930  ipa
  931  ip a
  932  history
  933  cd TambunanShellScripting/
  934  ls -la
  935  yum install stratisid stratis-cli
  936  yum install stratisd stratis-cli
  937  systemctl enable --now stratisd
  938  dvs
  939  vds
  940  df -H
  941  vgs
  942  dvs
  943  dv
  944  history
  945  ip a
  946  lvcreate -n docker_testing -L 6G fedora_fedora
  947  mkfs.ext4 /dev/fedora_fedora/docker_testing
  948  mkdir dockbreak
  949  mount /dev/fedora_fedora/docker_testing dockbreak/
  950  lvs
  951  df -H
  952  stratis pool create stratispool1 /dev/mapper/fedora_fedora-docker_testing
  953  stratis pool create stratispool1 /dev/mapper/fedora_fedora-lv_testing
  954  udev
  955  vgs
  956  stratis pool list
  957  lsblk
  958  blkid -p /dev/nvme0n1p2
  959  vgs
  960  stratis pool create stratispool1 /dev/nvme0n1p2
  961  lsblk
  962  vgs
  963  yum install vdo kmod-kvdo
  964  yum install vdo
  965  yum install kmod-kvdo
  966  history
  967  sudo dnf install kmod-kvdo vdo
  968  sudo dnf update -y
  969  cd ..
  970  cd /home/ctambunan/TambunanShellScripting/
  971  ls -la
  972  history >> History_of_Redhat_Fedora_Server78.txt
  973  ls -la
  974  poweroff
  975  poweroff
  976  ls -la
  977   nfsconf --set nfsd udp n
  978   nfsconf --set nfsd vers2 n
  979   nfsconf --set nfsd vers3 n
  980  nfsconf --set nfsd tcp y
  981  nfsconf --set nfsd vers4 y
  982  nfsconf --set nfsd vers4.0 y
  983  nfsconf --set nfsd vers4.1 y
  984   nfsconf --set nfsd vers4.2 y
  985  mkdir /mantappu
  986  mount -t nfs serverb.lab.example.com:/shares/
  987  public /mantappu
  988  mount -t nfs serverb.lab.example.commount | grep public
  989  mount | grep public
  990  umount /mantappu
  991  mount | grep mantappu
  992  umount /mantappu
  993  mount -t nfs serverb.lab.example.com:/shares/mantappu /mantappu/
  994  mount -t nfs serverb.lab.example.com:/shares/mantappu /mantappu
  995  mount -t nfs serverb.lab.example.com:/shares/public /mantappu
  996  vim /etc/fstab
  997  ls -l
  998  ls -l /mantappu
  999  systemctl reboot
 1000  ls -l /mantappu
 1001  cat /mantappu/NOTES.txt
 1002  echo "This is a test" > /mantappu/Test.txt
 1003  cat /mantappu/Test.txt
 1004  history
[root@fedora 02:30:09 /home/ctambunan]$ cd TambunanShellScripting/
[root@fedora 02:30:19 /home/ctambunan/TambunanShellScripting]$ ls -la
total 3492
drwxr-xr-x. 11 root      root         4096 Jan 17 16:43 .
drwx------. 14 ctambunan ctambunan    4096 Jan 13 16:05 ..
drwxr-xr-x.  2 root      root            6 Jan 10 15:16 1
-rw-r--r--.  1 root      root           41 Jan 10 11:08 andidori.sh
drwxr-xr-x.  2 root      root            6 Jan 10 15:16 echo
-rwxr-xr-x.  1 root      root          414 Jan 10 11:04 firstscript.sh
-rw-r--r--.  1 root      root           79 Jan 10 17:36 FiveScript.sh
-rw-r--r--.  1 root      root          121 Jan 10 16:45 FourthScript.sh
-rw-r--r--.  1 root      root        14442 Jan 10 11:31 History_of_Redhat_Fedora_Server_41.txt
-rw-r--r--.  1 root      root        15355 Jan 10 11:43 History_of_Redhat_Fedora_Server_42.txt
-rw-r--r--.  1 root      root        16385 Jan 10 12:40 History_of_Redhat_Fedora_Server_43.txt
-rw-r--r--.  1 root      root        19270 Jan 10 17:37 History_of_Redhat_Fedora_Server_44.txt
-rw-r--r--.  1 root      root        32338 Jan 19 20:04 History_of_Redhat_Fedora_Server_45.txt
-rw-r--r--.  1 root      root        32379 Jan 19 20:04 History_of_Redhat_Fedora_Server_46.txt
-rw-r--r--.  1 root      root        32422 Jan 19 20:04 History_of_Redhat_Fedora_Server_47.txt
-rw-r--r--.  1 root      root        32458 Jan 19 20:04 History_of_Redhat_Fedora_Server_48.txt
-rw-r--r--.  1 root      root        32501 Jan 19 20:04 History_of_Redhat_Fedora_Server_49.txt
-rw-r--r--.  1 root      root        32546 Jan 19 20:04 History_of_Redhat_Fedora_Server_50.txt
-rw-r--r--.  1 root      root        20450 Jan 11 18:29 History_of_Redhat_Fedora_Server51.txt
-rw-r--r--.  1 root      root      2553981 Jan 12 09:34 History_of_Redhat_Fedora_Server52.txt
-rw-r--r--.  1 root      root        25250 Jan 12 10:56 History_of_Redhat_Fedora_Server53.txt
-rw-r--r--.  1 root      root          745 Jan 12 11:25 History_of_Redhat_Fedora_Server54.txt
-rw-r--r--.  1 root      root        26304 Jan 12 11:59 History_of_Redhat_Fedora_Server55.txt
-rw-r--r--.  1 root      root          491 Jan 12 18:35 History_of_Redhat_Fedora_Server56.txt
-rw-r--r--.  1 root      root          525 Jan 12 18:35 History_of_Redhat_Fedora_Server57.txt
-rw-r--r--.  1 root      root        28194 Jan 12 18:52 History_of_Redhat_Fedora_Server58.txt
-rw-r--r--.  1 root      root        29026 Jan 13 10:29 History_of_Redhat_Fedora_Server59.txt
-rw-r--r--.  1 root      root          823 Jan 13 11:37 History_of_Redhat_Fedora_Server60.txt
-rw-r--r--.  1 root      root        30594 Jan 13 11:47 History_of_Redhat_Fedora_Server61.txt
-rw-r--r--.  1 root      root        31069 Jan 13 12:46 History_of_Redhat_Fedora_Server62.txt
-rw-r--r--.  1 root      root        31533 Jan 14 10:26 History_of_Redhat_Fedora_Server63.txt
-rw-r--r--.  1 root      root        31146 Jan 14 16:23 History_of_Redhat_Fedora_Server64.txt
-rw-r--r--.  1 root      root        31622 Jan 14 18:15 History_of_Redhat_Fedora_Server65.txt
-rw-r--r--.  1 root      root        31441 Jan 17 13:15 History_of_Redhat_Fedora_Server66.txt
-rw-r--r--.  1 root      root        31459 Jan 17 16:04 History_of_Redhat_Fedora_Server67.txt
-rw-r--r--.  1 root      root        31586 Jan 17 16:26 History_of_Redhat_Fedora_Server68.txt
-rw-r--r--.  1 root      root        31468 Jan 17 16:31 History_of_Redhat_Fedora_Server69.txt
-rw-r--r--.  1 root      root        31532 Jan 17 16:38 History_of_Redhat_Fedora_Server70.txt
-rw-r--r--.  1 root      root         3364 Jan 12 18:13 History_of_Redhat_Fedora_Server71.txt
-rw-r--r--.  1 root      root        31793 Jan 17 16:56 History_of_Redhat_Fedora_Server72.txt
-rw-r--r--.  1 root      root        32467 Jan 17 17:07 History_of_Redhat_Fedora_Server73.txt
-rwxrwxrwx.  1 root      root        32635 Jan 19 23:33 History_of_Redhat_Fedora_Server74.txt
-rwxrwxrwx.  1 root      root        32494 Jan 19 23:33 History_of_Redhat_Fedora_Server75.txt
-rwxrwxrwx.  1 root      root        32361 Jan 19 19:57 History_of_Redhat_Fedora_Server76.txt
-rwxrwxrwx.  1 root      root        32316 Jan 20 00:16 History_of_Redhat_Fedora_Server77.txt
-rwxrwxrwx.  1 root      root        32370 Jan 20 17:56 History_of_Redhat_Fedora_Server78.txt
-rwxrwxrwx.  1 root      root            0 Jan 17 16:43 History_of_Redhat_Fedora_Server79.txt
-rwxrwxrwx.  1 root      root            0 Jan 17 16:43 History_of_Redhat_Fedora_Server80.txt
drwxr-xr-x.  2 root      root          126 Jan 13 11:52 sean_gelael
-rw-r--r--.  1 root      root            0 Jan 10 17:56 sean_gelael1.txt
drwxr-xr-x.  2 root      root            6 Jan 10 15:36 sean_gelael2
-rw-r--r--+  1 root      root            0 Jan 10 17:56 sean_gelael2.txt
drwxr-xr-x.  2 root      root            6 Jan 10 15:36 sean_gelael3
-rw-r--r--.  1 root      root            0 Jan 10 17:56 sean_gelael3.txt
drwxr-xr-x.  2 root      root            6 Jan 10 15:43 sean_gelael4
-rw-r--r--.  1 root      root            0 Jan 10 17:56 sean_gelael4.txt
drwxr-xr-x.  2 root      root            6 Jan 10 15:43 sean_gelael5
-rw-r--r--.  1 root      root            0 Jan 10 17:56 sean_gelael5.txt
drwxr-xr-x.  2 root      root            6 Jan 10 15:43 sean_gelael6
-rw-r--r--.  1 root      root          111 Jan 10 12:38 SecondScript.sh
drwxr-xr-x.  2 root      root          108 Jan 14 16:13 tambunan
-rw-r--r--.  1 root      root          384 Jan 10 17:56 ThirdScript.sh
[root@fedora 02:30:21 /home/ctambunan/TambunanShellScripting]$ history >> History_of_Redhat_Fedora_Server79.txt
[root@fedora 02:30:33 /home/ctambunan/TambunanShellScripting]$ ls -la
total 3524
drwxr-xr-x. 11 root      root         4096 Jan 17 16:43 .
drwx------. 14 ctambunan ctambunan    4096 Jan 13 16:05 ..
drwxr-xr-x.  2 root      root            6 Jan 10 15:16 1
-rw-r--r--.  1 root      root           41 Jan 10 11:08 andidori.sh
drwxr-xr-x.  2 root      root            6 Jan 10 15:16 echo
-rwxr-xr-x.  1 root      root          414 Jan 10 11:04 firstscript.sh
-rw-r--r--.  1 root      root           79 Jan 10 17:36 FiveScript.sh
-rw-r--r--.  1 root      root          121 Jan 10 16:45 FourthScript.sh
-rw-r--r--.  1 root      root        14442 Jan 10 11:31 History_of_Redhat_Fedora_Server_41.txt
-rw-r--r--.  1 root      root        15355 Jan 10 11:43 History_of_Redhat_Fedora_Server_42.txt
-rw-r--r--.  1 root      root        16385 Jan 10 12:40 History_of_Redhat_Fedora_Server_43.txt
-rw-r--r--.  1 root      root        19270 Jan 10 17:37 History_of_Redhat_Fedora_Server_44.txt
-rw-r--r--.  1 root      root        32338 Jan 19 20:04 History_of_Redhat_Fedora_Server_45.txt
-rw-r--r--.  1 root      root        32379 Jan 19 20:04 History_of_Redhat_Fedora_Server_46.txt
-rw-r--r--.  1 root      root        32422 Jan 19 20:04 History_of_Redhat_Fedora_Server_47.txt
-rw-r--r--.  1 root      root        32458 Jan 19 20:04 History_of_Redhat_Fedora_Server_48.txt
-rw-r--r--.  1 root      root        32501 Jan 19 20:04 History_of_Redhat_Fedora_Server_49.txt
-rw-r--r--.  1 root      root        32546 Jan 19 20:04 History_of_Redhat_Fedora_Server_50.txt
-rw-r--r--.  1 root      root        20450 Jan 11 18:29 History_of_Redhat_Fedora_Server51.txt
-rw-r--r--.  1 root      root      2553981 Jan 12 09:34 History_of_Redhat_Fedora_Server52.txt
-rw-r--r--.  1 root      root        25250 Jan 12 10:56 History_of_Redhat_Fedora_Server53.txt
-rw-r--r--.  1 root      root          745 Jan 12 11:25 History_of_Redhat_Fedora_Server54.txt
-rw-r--r--.  1 root      root        26304 Jan 12 11:59 History_of_Redhat_Fedora_Server55.txt
-rw-r--r--.  1 root      root          491 Jan 12 18:35 History_of_Redhat_Fedora_Server56.txt
-rw-r--r--.  1 root      root          525 Jan 12 18:35 History_of_Redhat_Fedora_Server57.txt
-rw-r--r--.  1 root      root        28194 Jan 12 18:52 History_of_Redhat_Fedora_Server58.txt
-rw-r--r--.  1 root      root        29026 Jan 13 10:29 History_of_Redhat_Fedora_Server59.txt
-rw-r--r--.  1 root      root          823 Jan 13 11:37 History_of_Redhat_Fedora_Server60.txt
-rw-r--r--.  1 root      root        30594 Jan 13 11:47 History_of_Redhat_Fedora_Server61.txt
-rw-r--r--.  1 root      root        31069 Jan 13 12:46 History_of_Redhat_Fedora_Server62.txt
-rw-r--r--.  1 root      root        31533 Jan 14 10:26 History_of_Redhat_Fedora_Server63.txt
-rw-r--r--.  1 root      root        31146 Jan 14 16:23 History_of_Redhat_Fedora_Server64.txt
-rw-r--r--.  1 root      root        31622 Jan 14 18:15 History_of_Redhat_Fedora_Server65.txt
-rw-r--r--.  1 root      root        31441 Jan 17 13:15 History_of_Redhat_Fedora_Server66.txt
-rw-r--r--.  1 root      root        31459 Jan 17 16:04 History_of_Redhat_Fedora_Server67.txt
-rw-r--r--.  1 root      root        31586 Jan 17 16:26 History_of_Redhat_Fedora_Server68.txt
-rw-r--r--.  1 root      root        31468 Jan 17 16:31 History_of_Redhat_Fedora_Server69.txt
-rw-r--r--.  1 root      root        31532 Jan 17 16:38 History_of_Redhat_Fedora_Server70.txt
-rw-r--r--.  1 root      root         3364 Jan 12 18:13 History_of_Redhat_Fedora_Server71.txt
-rw-r--r--.  1 root      root        31793 Jan 17 16:56 History_of_Redhat_Fedora_Server72.txt
-rw-r--r--.  1 root      root        32467 Jan 17 17:07 History_of_Redhat_Fedora_Server73.txt
-rwxrwxrwx.  1 root      root        32635 Jan 19 23:33 History_of_Redhat_Fedora_Server74.txt
-rwxrwxrwx.  1 root      root        32494 Jan 19 23:33 History_of_Redhat_Fedora_Server75.txt
-rwxrwxrwx.  1 root      root        32361 Jan 19 19:57 History_of_Redhat_Fedora_Server76.txt
-rwxrwxrwx.  1 root      root        32316 Jan 20 00:16 History_of_Redhat_Fedora_Server77.txt
-rwxrwxrwx.  1 root      root        32370 Jan 20 17:56 History_of_Redhat_Fedora_Server78.txt
-rwxrwxrwx.  1 root      root        32579 Jan 21 02:30 History_of_Redhat_Fedora_Server79.txt
-rwxrwxrwx.  1 root      root            0 Jan 17 16:43 History_of_Redhat_Fedora_Server80.txt
drwxr-xr-x.  2 root      root          126 Jan 13 11:52 sean_gelael
-rw-r--r--.  1 root      root            0 Jan 10 17:56 sean_gelael1.txt
drwxr-xr-x.  2 root      root            6 Jan 10 15:36 sean_gelael2
-rw-r--r--+  1 root      root            0 Jan 10 17:56 sean_gelael2.txt
drwxr-xr-x.  2 root      root            6 Jan 10 15:36 sean_gelael3
-rw-r--r--.  1 root      root            0 Jan 10 17:56 sean_gelael3.txt
drwxr-xr-x.  2 root      root            6 Jan 10 15:43 sean_gelael4
-rw-r--r--.  1 root      root            0 Jan 10 17:56 sean_gelael4.txt
drwxr-xr-x.  2 root      root            6 Jan 10 15:43 sean_gelael5
-rw-r--r--.  1 root      root            0 Jan 10 17:56 sean_gelael5.txt
drwxr-xr-x.  2 root      root            6 Jan 10 15:43 sean_gelael6
-rw-r--r--.  1 root      root          111 Jan 10 12:38 SecondScript.sh
drwxr-xr-x.  2 root      root          108 Jan 14 16:13 tambunan
-rw-r--r--.  1 root      root          384 Jan 10 17:56 ThirdScript.sh
[root@fedora 02:30:43 /home/ctambunan/TambunanShellScripting]$

/- /etc/auto.direct

/external -rw,sync,fstype=nfs4 serverb.lab.example.com:/shares/direct/
[root@fedora 02:30:43 /home/ctambunan/TambunanShellScripting]$ sudo -i
[root@fedora 02:32:13 ~]$ yum install autofs
Last metadata expiration check: 3:38:16 ago on Thu 20 Jan 2022 10:54:08 PM WIB.
Package autofs-1:5.1.7-21.fc35.x86_64 is already installed.
Dependencies resolved.

/internal /etc/auto.indirect
Nothing to do.

* -rw,sync,fstype=nfs4 serverb.lab.example.com:/shares/indirect/&
Complete!
[root@fedora 02:32:24 ~]$ mount -t nfs \ serverb.lab.example.com:/shares/direct/external /mnt





^C
[root@fedora 02:33:06 ~]$ ls -l /mnt
total 0
drwxr-xr-x. 2 root root 6 Jan  3 16:51 hgfs
[root@fedora 02:33:12 ~]$  umount /mnt
umount: /mnt: not mounted.
[root@fedora 02:33:19 ~]$ mount -t nfs \ serverb.lab.example.com:/shares/direct/external /mantappu
^C
[root@fedora 02:33:48 ~]$ vim /etc/auto.master.d/direct.autofs
[root@fedora 02:34:11 ~]$ vim /etc/auto.direct
[root@fedora 02:34:28 ~]$ mount -t nfs serverb.lab.example.com:/shares/ indirect /mnt
mount: bad usage
Try 'mount --help' for more information.
[root@fedora 02:34:38 ~]$ mount -t nfs serverb.lab.example.com:/shares/indirect /mnt
^C
[root@fedora 02:34:50 ~]$  ls -l /mnt
total 0
drwxr-xr-x. 2 root root 6 Jan  3 16:51 hgfs
[root@fedora 02:34:51 ~]$  umount /mnt
umount: /mnt: not mounted.
[root@fedora 02:35:09 ~]$ vim /etc/auto.master.d/indirect.autofs
[root@fedora 02:35:37 ~]$ vim /etc/auto.indirect
[root@fedora 02:35:52 ~]$ systemctl enable --now autofs
Created symlink /etc/systemd/system/multi-user.target.wants/autofs.service → /usr/lib/systemd/system/autofs.service.
[root@fedora 02:36:01 ~]$ systemctl reboot
[root@fedora 02:36:16 ~]$ Connection to 192.168.37.136 closed by remote host.
Connection to 192.168.37.136 closed.
PS D:\> ssh ctambunan@192.168.37.136
ctambunan@192.168.37.136's password:
Web console: https://fedora:9090/ or https://192.168.37.136:9090/

Last login: Fri Jan 21 02:38:41 2022
[ctambunan@fedora ~]$ sudo su
[sudo] password for ctambunan:
[root@fedora 02:38:59 /home/ctambunan]$ su - operator1
[operator1@fedora ~]$ ls -l /external



^[[A^[[A^[[A^[[A^C
[operator1@fedora ~]$ cat /external/README.txt

^C
[operator1@fedora ~]$ echo testing-direct > /external/testing.txt
^C^C^C^C^C^C


^C^C^C^C^C^C^C^C^C^C^C^C^C




^C^C^C^[:wq
:q
^C^C^C^C


cat /external/testing.txt




^C^C^C^C^C^C^C^C^C^C^[^[^[^[^[^[^[
















exit

^C^C^C^C^C^C^C^C^C^C^C^C^C^C^C^C^C^C^C^C^C^C^C^C^C^C^C^C^C^C^C^C^C^C^C^C^C^C^C^C^C^C^C^C^C^C^C^C^C^C^C^C^C^C^C^C^C^C^C^C^C^C^C^C^C^C^C^C^C^C^C^C^C^C^C^C^C^C^C^C^C^C^C^C^C^C^C^C^C^C^C^C^C^C^C^C^C^C^C^C^C^C^C^C^C^C^C^C^C^C^C^C^C^C^C^C^C^C^C^C^C^C^C^C^C^C^C^C^C^C^C^C^C^C^C^C^C^C^C^C^C^C^C^C^C^C^C^C^C^C^C^C^C^C^C^C^C^C^C^C^C^C^C^C^C^C^C^C^C^C^C^C^C^C^C^C^C^C^C^C^C^C^C^C^C^C^C^C^C^C^C^C^C^C^C^C^C^C^C^C^C^C^C^C^C^C^C^C^C^C^C^C^C^C^C^C^C^C^C^C^C^C^C^C^C^C^C^C^C^C^C^C^C^CConnection to 192.168.37.136 closed by remote host.
Connection to 192.168.37.136 closed.
PS D:\> ssh ctambunan@192.168.37.136
ctambunan@192.168.37.136's password:
Web console: https://fedora:9090/ or https://192.168.37.136:9090/

Last login: Fri Jan 21 02:38:55 2022 from 192.168.37.1
[ctambunan@fedora ~]$ sudo -i
[sudo] password for ctambunan:
[root@fedora 02:45:05 ~]$  cat /external/testing.txt
^C
[root@fedora 02:45:18 ~]$ ls -l /internal
total 0
[root@fedora 02:45:28 ~]$ mkdir /internal
mkdir: cannot create directory ‘/internal’: File exists
[root@fedora 02:45:36 ~]$ ls -l /internal/west/
^C
[root@fedora 02:45:45 ~]$ cat /internal/west/README.txt
^C
[root@fedora 02:45:54 ~]$ echo testing-1 > /internal/west/testing-1.txt
^C^C^C^C




^C^C^C^C^C^C^C^C^C^C^C^C^C^C^C^C^C^C^C^C^C^C^C^C^C^C^C^C^C^C^Cls -l /internal
-bash: /internal/west/testing-1.txt: No such file or directory

[root@fedora 02:46:24 ~]$ ls -l /internal
total 0
[root@fedora 02:46:24 ~]$ ls -l /internal
total 0
[root@fedora 02:46:27 ~]$ ls -l /internal/central
ls: cannot access '/internal/central': No such file or directory
[root@fedora 02:46:39 ~]$ cat /internal/central/README.txt
cat: /internal/central/README.txt: No such file or directory
[root@fedora 02:46:54 ~]$ echo testing-2 > /internal/central/testing-2.txt
-bash: /internal/central/testing-2.txt: No such file or directory
[root@fedora 02:47:12 ~]$ cat /internal/central/testing-2.txttesting-2
cat: /internal/central/testing-2.txttesting-2: No such file or directory
[root@fedora 02:47:28 ~]$ cat /internal/central/testing-2.txt testing-2
cat: /internal/central/testing-2.txt: No such file or directory
cat: testing-2: No such file or directory
[root@fedora 02:47:31 ~]$ ls -l /internal
total 0
[root@fedora 02:47:40 ~]$ ls -l /internal/east
ls: cannot access '/internal/east': No such file or directory
[root@fedora 02:47:52 ~]$  cat /internal/east/README.txt
cat: /internal/east/README.txt: No such file or directory
[root@fedora 02:48:01 ~]$ echo testing-3 > /internal/east/testing-3.txt
-bash: /internal/east/testing-3.txt: No such file or directory
[root@fedora 02:48:09 ~]$ cat /internal/east/testing-3.txt
cat: /internal/east/testing-3.txt: No such file or directory
[root@fedora 02:48:15 ~]$  ls -l /internal
total 0
[root@fedora 02:48:21 ~]$ ls -l /external
ls: cannot access '/external': No such file or directory
[root@fedora 02:48:28 ~]$ history
   20  history
   21  rsync -av charlestambunan@192.168.37.133:/home/charlestambunan/
   22  ls -la
   23  history
   24  touch charles14.txt
   25  history >> charles14.txt
   26  ls
   27  ls -la
   28  mkdir TambunanLogFiles
   29  mv charles*.txt TambunanLogFiles/
   30  cat TambunanLogFiles/
   31  ls -la TambunanLogFiles/
   32  history
   33  ls -la
   34  mv '#zcat#' goklas.txt
   35  cp goklas.txt make_the_choice.txt make_the_choice2.txt
   36  cp goklas.txt make_the_choice.txt
   37  ls -la
   38  vim simpan_sesuatu_dengan_baik.txt
   39  vim simpan_sesuatu_dengan_baik.txt
   40  ls -la
   41  cat make_the_choice.txt
   42  cat simpan_sesuatu_dengan_baik.txt
   43   yum-config-manager --add-repo="http://dl.fedoraproject.org/pub/
   44  epel/8/x86_64/"
   45  yum repolist all
   46   yum-config-manager --add-repo="http://dl.fedoraproject.org/pub/
   47  epel/8/x86_64/"
   48  history
   49  touch charles15.txt
   50  history >> charles15.txt
   51  history
   52  clear
   53  clear
   54  history
   55  find
   56  locate
   57  locate charles*.txt
   58  history
   59  ls -la
   60  touch Redhat_Fedora_Linux_History16.txt
   61  history >> Redhat_Fedora_Linux_History16.txt
   62  poweroff
   63  ls -la
   64  history
   65  df -h
   66  df -H
   67  fdisk
   68  lsblk
   69  lsof
   70  touch History_Redhat_Fedora_Server16.txt
   71  lsof >> History_Redhat_Fedora_Server16.txt
   72  cat History_Redhat_Fedora_Server16.txt
   73  history
   74  find
   75  history
   76  sudo yum install cockpit
   77  sudo systemctl enable --now cockpit.socket
   78  sudo firewall-cmd --permanent --zone=public --add-service=cockpit
   79  sudo firewall-cmd --reload
   80  ip a
   81  ls -la
   82  mkdir TambunanG
   83  mv *.txt TambunanJ/
   84  ls -la TambunanJ/
   85  ls -la TambunanJ/ ; cat final.txt
   86  ls -la TambunanJ/ ; cat goklas.txt
   87  ls -la TambunanJ/ ; tail goklas.txt
   88  ls -la TambunanJ ; tail goklas.txt
   89  ls -la TambunanJ/
   90  history
   91  touch TambunanJ/Backup_Redhat_Fedora_Server_24.txt
   92  history >> TambunanJ/Backup_Redhat_Fedora_Server_24.txt
   93  history
   94  touch History_Redhat_Fedora_Server17.txt
   95  history >> History_Redhat_Fedora_Server17.txt
   96  history
   97  poweroff
   98  history
   99  history
  100  ip a
  101  history
  102  history
  103  ls -la
  104  touch History_Redhat_Fedora_Server18.txt
  105  history >> History_Redhat_Fedora_Server18.txt
  106  sudo yum install cockpit
  107  sudo systemctl enable --now cockpit.socket
  108  sudo firewall-cmd --permanent --zone=public --add-service=cockpit
  109  sudo firewall-cmd --reload
  110  history
  111  history
  112  ls -la
  113  ls -la
  114  history
  115  poweroff
  116  vim firstscript.sh
  117  cat output.txt
  118  sh firstscript.sh
  119  cat output.txt
  120  vim firstscript.sh
  121  chmod a+x firstscript.sh
  122  ./firstscript.sh
  123  vim firstscript.sh
  124  ./firstscript.sh
  125  vim firstscript.sh
  126  ./firstscript.sh
  127  cat output.txt
  128  vim andidori.sh
  129  vim andidori.sh
  130  sh andidori.sh
  131  ls -la
  132  mv firstscript.sh andidori.sh /home/ctambunan/
  133  mv output.txt /home/ctambunan/
  134  ls -la /home/ctambunan/
  135  ls -la /home/ctambunan/TambunanLogFiles/
  136  mkdir /home/ctambunan/TambunanShellScripting
  137  mv /home/ctambunan/firstscript.sh /home/ctambunan/TambunanShellScripting/; mv /home/ctambunan/andidori.sh /home/ctambunan/TambunanShellScripting/
  138  ls -la /home/ctambunan/TambunanShellScripting/ ; ls -la /home/ctambunan/TambunanShellScripting/
  139  history
  140  touch /home/ctambunan/TambunanShellScripting/History_Redhat_Fedora_Server_41.txt
  141  history >> /home/ctambunan/TambunanShellScripting/History_Redhat_Fedora_Server_41.txt
  142  cd ..
  143  histor
  144  history
  145  touch /home/ctambunan/TambunanShellScripting/SecondScript.sh
  146  vim /home/ctambunan/TambunanShellScripting/SecondScript.sh
  147  sh /home/ctambunan/TambunanShellScripting/SecondScript.sh
  148  vim /home/ctambunan/TambunanShellScripting/SecondScript.sh
  149  sh /home/ctambunan/TambunanShellScripting/SecondScript.sh
  150  vim /home/ctambunan/TambunanShellScripting/SecondScript.sh
  151  sh /home/ctambunan/TambunanShellScripting/SecondScript.sh
  152  sh /home/ctambunan/TambunanShellScripting/SecondScript.sh
  153  vim /home/ctambunan/TambunanShellScripting/SecondScript.sh
  154  sh /home/ctambunan/TambunanShellScripting/SecondScript.sh
  155  history
  156  touch /home/ctambunan/TambunanShellScripting/History_of_Redhat_Fedora_Server_42.txt
  157  history >> /home/ctambunan/TambunanShellScripting/History_of_Redhat_Fedora_Server_42.txt
  158  cat /home/ctambunan/TambunanShellScripting/History_of_Redhat_Fedora_Server_42.txt
  159  cat /home/ctambunan/TambunanShellScripting/History_of_Redhat_Fedora_Server_42.txt
  160  systemctl status cockpit
  161  systemctl status cockpit.service
  162  systemctl restart cockpit.service
  163  systemctl enable cockpit.service
  164  systemctl status cockpit.service
  165  ip a
  166  ls -la
  167  timedatectl
  168  timedatectl -s
  169  timedatectl man
  170  man timedatectl
  171  history
  172  ls -la
  173  cd /home/ctambunan/TambunanShellScripting/
  174  ls -la
  175  vim SecondScript.sh
  176  vim SecondScript.sh
  177  sh SecondScript.sh
  178  vim SecondScript.sh
  179  sh SecondScript.sh
  180  vim SecondScript.sh
  181  sh SecondScript.sh
  182  history
  183  ls -la
  184  touch History_of_Redhat_Fedora_Server_43.txt
  185  mv History_Redhat_Fedora_Server_41.txt History_of_Redhat_Fedora_Server_41.txt
  186  ls -la
  187  history
  188  history >> History_of_Redhat_Fedora_Server_43.txt
  189  cat History_of_Redhat_Fedora_Server_43.txt
  190  exit
  191  ls -la
  192  which hello
  193  echo $PATH
  194  echo # not a comment #
  195  echo \# not a comment #
  196  echo \# not a comment \#
  197  echo '# not a comment #'
  198  var=$(hostname -s); echo $var
  199  echo Your Username variable is \$USER
  200  echo Your Username variable is \$USER.
  201  echo Your Username variable is \$USER .
  202  cat ~/bin/hello
  203  cat ~/bin/hello
  204  hello
  205  cd ~
  206  cat ~/bin/hello
  207  sudo su
  208  exit
  209  ip a
  210  history
  211  ls -la
  212  cd TambunanShellScripting/
  213  ls -la
  214  touch ThirdScript.sh
  215  vim ThirdScript.sh
  216  sh ThirdScript.sh
  217  vim ThirdScript.sh
  218  sh ThirdScript.sh
  219  vim ThirdScript.sh
  220  sh ThirdScript.sh
  221  vim ThirdScript.sh
  222  sh ThirdScript.sh
  223  vim ThirdScript.sh
  224  sh ThirdScript.sh
  225  sh ThirdScript.sh
  226  vim ThirdScript.sh
  227  sh ThirdScript.sh
  228  vim ThirdScript.sh
  229  sh ThirdScript.sh
  230  vim ThirdScript.sh
  231  sh ThirdScript.sh
  232  vim ThirdScript.sh
  233  vim ThirdScript.sh
  234  sh ThirdScript.sh
  235  vim ThirdScript.sh
  236  sh ThirdScript.sh
  237  vim ThirdScript.sh
  238  vim ThirdScript.sh
  239  sh ThirdScript.sh
  240  vim ThirdScript.sh
  241  vim ThirdScript.sh
  242  sh ThirdScript.sh
  243  vim ThirdScript.sh
  244  sh ThirdScript.sh
  245  vim ThirdScript.sh
  246  vim ThirdScript.sh
  247  sh ThirdScript.sh
  248  ls -la
  249  vim ThirdScript.sh
  250  vim ThirdScript.sh
  251  sh ThirdScript.sh
  252  ls -la
  253  cd sean_gelael/
  254  ls -la
  255  cd ..
  256  vim ThirdScript.sh
  257  sh ThirdScript.sh
  258  ls -la
  259  sh ThirdScript.sh
  260  vim ThirdScript.sh
  261  sh ThirdScript.sh
  262  vim ThirdScript.sh
  263  sh ThirdScript.sh
  264  ls -la
  265  sh ThirdScript.sh
  266  vim ThirdScript.sh
  267  sh ThirdScript.sh
  268  vim ThirdScript.sh
  269  sh ThirdScript.sh
  270  ls -la
  271  vim ThirdScript.sh
  272  sh ThirdScript.sh
  273  ls -la
  274  vim ThirdScript.sh
  275  cat ThirdScript.sh
  276  vim FouthScript.sh
  277  sh ThirdScript.sh
  278  ls -la
  279  cat FouthScript.sh
  280  sh FouthScript.sh
  281  vim FouthScript.sh
  282  sh FouthScript.sh
  283  ls -la
  284  ls -la sean_gelael
  285  vim FouthScript.sh
  286  mv FouthScript.sh FourthScript.sh
  287  ls -la
  288  touch FiveScript.sh
  289  vim FiveScript.sh
  290  sh FiveScript.sh
  291  vim FiveScript.sh
  292  sh FiveScript.sh
  293  vim FiveScript.sh
  294  vim FourthScript.sh
  295  cat FiveScript.sh
  296  vim FiveScript.sh
  297  sh FiveScript.sh
  298  vim FiveScript.sh
  299  history
  300  ls -la
  301  touch History_of_Redhat_Fedora_Server_44.txt
  302  history >> History_of_Redhat_Fedora_Server_44.txt
  303  cat History_of_Redhat_Fedora_Server_44.txt
  304  ls -la
  305  cat ThirdScript.sh
  306  sh ThirdScript.sh
  307  vim ThirdScript.sh
  308  for i in {1..6}; do touch test$i.txt ; done
  309  ls -la
  310  ls History_of_Redhat_Fedora_Server_41.txt
  311  ls History_of_Redhat_Fedora_Server_*
  312  ls History_of_Redhat_Fedora_Server_??.txt
  313  ls History_of_Redhat_Fedora_Server_?3.txt
  314  grep History_of_Redhat_Fedora_Server_4?.txt
  315  cat "Redhat"
  316  echo "Redhat"
  317  echo "Redhat" > test1.txt
  318  cat test1.txt
  319  echo "CentOS"
  320  echo "CentOS" > test1.txt
  321  cat test1.txt
  322  echo "Redhat" >> test1.txt
  323  CAT test1.txt
  324  cat test1.txt
  325  man sed
  326  history
  327  ls -la
  328  ls -la
  329  cat make_the_choice.txt
  330  ls
  331  ls -R
  332  ls -lh
  333  ls -h
  334  ls -H
  335  lh
  336  ls -lh
  337  history
  338  history >> test2.txt
  339  ls -la
  340  man sed
  341  cat History_of_Redhat_Fedora_Server_?4.txt
  342  poweroff
  343  ls -la
  344  scp charlestambunan@192.168.37.133:/home/charlestambunan/charles.h /Music
  345  history
  346  ls -la
  347  ls -lh TambunanShellScripting/
  348  touch TambunanShellScripting/History_Redhat_Fedora_Server{45..50}.txt
  349  ls -la TambunanShellScripting/
  350  mv TambunanShellScripting/History_Redhat_Fedora_Server4*.txt History_of_Redhat_Fedora_Server{46...49}.txt
  351  mv TambunanShellScripting/History_Redhat_Fedora_Server4*.txt History_of_Redhat_Fedora_Server46.txt
  352  cd TambunanShellScripting/
  353  ls -la
  354  mv History_Redhat_Fedora_Server45.txt History_of_Redhat_Fedora_Server_45.txt
  355  mv History_Redhat_Fedora_Server46.txt History_of_Redhat_Fedora_Server_46.txt
  356  mv History_Redhat_Fedora_Server47.txt History_of_Redhat_Fedora_Server_48.txt
  357  mv History_Redhat_Fedora_Server48.txt History_of_Redhat_Fedora_Server_48.txt
  358  mv History_Redhat_Fedora_Server47.txt History_of_Redhat_Fedora_Server_47.txt
  359  ls -la
  360  mv History_of_Redhat_Fedora_Server_48.txt History_of_Redhat_Fedora_Server_47.txt
  361  mv History_Redhat_Fedora_Server_48.txt History_of_Redhat_Fedora_Server_48.txt
  362  mv History_Redhat_Fedora_Server_49.txt History_of_Redhat_Fedora_Server_49.txt
  363  ls -la
  364  mv History_Redhat_Fedora_Server48.txt History_of_Redhat_Fedora_Server_48.txt
  365  mv History_Redhat_Fedora_Server49.txt History_of_Redhat_Fedora_Server_49.txt
  366  mv History_Redhat_Fedora_Server50.txt History_of_Redhat_Fedora_Server_50.txt
  367  ls -la
  368  ls History_of_Redhat_Fedora_Server_4*.txt
  369  ls -la History_of_Redhat_Fedora_Server_4*.txt
  370  ls -lh History_of_Redhat_Fedora_Server_4*.txt
  371  ls -lh History_of_Redhat_Fedora_Server_**.txt
  372  grep ^s
  373  ip a
  374  ip a
  375  history
  376  ls -la
  377  touch History_Redhat_Fedora_Server51.txt
  378  history >> History_Redhat_Fedora_Server51.txt
  379  cat History_Redhat_Fedora_Server51.txt
  380  poweroff
  381  ls -la
  382  history
  383  cat /etc/ethertypes
  384  ls -la
  385  history
  386  cat
  387  less /var/log/messages
  388  ls -la
  389  ls -la TambunanG/
  390  ls -la TambunanShellScripting/
  391  mv History_Redhat_Fedora_Server5*.txt TambunanShellScripting/
  392  ls -la
  393  ls -la TambunanShellScripting/
  394  mv TambunanShellScripting/History_Redhat_Fedora_Server51.txt History_of_Redhat_Fedora_Server51.txt
  395  ls -la TambunanShellScripting/
  396  ls -la
  397  mv History_of_Redhat_Fedora_Server51.txt TambunanShellScripting/
  398  ls -la TambunanShellScripting/
  399  touch TambunanShellScripting/History_of_Redhat_Fedora_Server52.txt
  400  touch TambunanShellScripting/History_of_Redhat_Fedora_Server{53...60}.txt
  401  ls -la TambunanShellScripting/
  402  rm TambunanShellScripting/History_of_Redhat_Fedora_Server{53..60}.txt
  403  ls -la TambunanShellScripting/
  404  touch TambunanShellScripting/History_of_Redhat_Fedora_Server{53..60}.txt
  405  ls -la TambunanShellScripting/
  406  less /var/log/messages >> TambunanShellScripting/History_of_Redhat_Fedora_Server52.txt
  407  cat >> TambunanShellScripting/History_of_Redhat_Fedora_Server52.txt
  408  vim TambunanShellScripting/History_of_Redhat_Fedora_Server52.txt
  409  sudo dnf -y update
  410  sudo dnf -y install vim bash-completion curl wget telnet
  411  sudo sestatus
  412  sudo setenforce 0
  413  sudo sed -i 's/^SELINUX=.*/SELINUX=permissive/g' /etc/selinux/config
  414  cat /etc/selinux/config | grep SELINUX =
  415  cat /etc/selinux/config | grep SELINUX=
  416  sudo dnf -y install httpd
  417  sudo dnf -y install httpd
  418  vim /etc/httpd/conf/httpd.conf
  419  nano /etc/httpd/conf/httpd.conf
  420  nano /etc/httpd/conf/httpd.conf
  421  nano /etc/httpd/conf/httpd.conf
  422  sudo systemctl start httpd
  423  sudo systemctl enable httpd
  424  sudo firewall-cmd --add-service={http,https} --permanent
  425  sudo firewall-cmd --reload
  426  sudo dnf -y install php php-cli php-php-gettext php-mbstring php-mcrypt php-mysqlnd php-pear php-curl php-gd php-xml php-bcmath php-zip
  427  php -v
  428  php -m
  429  vim /etc/php.ini
  430  nano /etc/php.ini
  431  sudo dnf install mariadb-server
  432  sudo vim /etc/my.cnf.d/mariadb-server.cnf
  433  sudo systemctl start mariadb
  434  sudo systemctl enable mariadb
  435  sudo mysql_secure_installation
  436  mysql -u root -p
  437  ls -la
  438  history
  439  sudo firewall-cmd --add-service=mysql --permanent
  440  sudo firewall-cmd --reload
  441  nano /var/www/html/phpinfo.php
  442  sudo systemctl restart httpd
  443  ip a
  444  date
  445  grep '^Mar 22 08:2.*GID' /var/log/secure
  446   grep 'postfix' /var/log/maillog | head -n 2
  447  grep -i 'queue' /etc/postfix/main.cf
  448  ps aux | grep postfix
  449  grep -e qmgr -e pickup -e cleanup /etc/postfix/master.cf
  450  exit
  451  ls -la
  452  history
  453  history
  454  ls -la
  455  history >> TambunanShellScripting/History_of_Redhat_Fedora_Server53.txt
  456  cat history TambunanShellScripting/History_of_Redhat_Fedora_Server53.txt
  457  mkdir -p /home/student/bin/bash-lab
  458  vim /home/student/bin/bash-lab/
  459  vim /home/student/bin/bash-lab
  460  rm /home/student/bin/bash-lab
  461  rm -d /home/student/bin/bash-lab
  462  ls -la
  463  mkdir -p /home/student/bin
  464  vim /home/student/bin/bash-lab.sh
  465  chmod a+x /home/student/bin/bash-lab.sh
  466  vim /home/student/bin/bash-lab.sh
  467  sh /home/student/bin/bash-lab.sh
  468  vim /home/student/bin/bash-lab.sh
  469  sh /home/student/bin/bash-lab.sh
  470  ip a
  471  ls -la /home/
  472  ls -la /home/ctambunan/
  473  ls -la /home/ctambunan/output-servera
  474  cat /home/ctambunan/output-servera
  475  cat /home/ctambunan/output-serverb
  476  cat /home/ctambunan/output-serverb
  477  history
  478  ls -la
  479  cd TambunanShellScripting/
  480  ls -la
  481  vim History_of_Redhat_Fedora_Server54.txt
  482  cat History_of_Redhat_Fedora_Server54.txt
  483  history >> History_of_Redhat_Fedora_Server55.txt
  484  poweroff
  485  ls -la
  486  history
  487  atq
  488  echo "date >> myjob.txt" | at now
  489  atq
  490  watch atq
  491  cat myjob.txt
  492  at -q g teatime
  493  at -q b 16:05
  494  atq
  495  at c -2
  496  at -c 2
  497  at -c 3
  498  atq
  499  history
  500  crontab -e
  501  crontab -e
  502  exit
  503  vi /etc/cron.daily/usercount
  504  chmod +x /etc/cron.daily/usercount
  505  yum install syststat
  506  yum install sysstat
  507  history
  508  cp /usr/lib/systemd/system/sysstat-collect.timer /etc/systemd/system/sysstat-collect.timer
  509  vim /etc/systemd/system/sysstat-collect.timer
  510  systemctl daemon-reload
  511  systemctl enable --now sysstat-collect.timer
  512  while [ $(ls /var/log/sa | wc -l) -eq 0 ]; do sleep 1s; done
  513  ls -l /var/log/sa
  514  ls -l /var/log
  515  ls -l /var/log/sa
  516  date
  517  exit
  518  cp /usr/lib/tmpfiles.d/tmp.conf /etc/tmpfiles.d/tmp.conf
  519  vi /etc/tmpfiles.d/tmp.conf
  520  systemd-tmpfiles --clean /etc/tmpfiles.d/tmp.conf
  521  vim /etc/tmpfiles.d/momentary.conf
  522  systemd-tmpfiles --create /etc/tmpfiles.d/momentary.conf
  523  ls -ld /run/momentary
  524  touch /run/momentary/testfile
  525  sleep 30
  526  systemd-tmpfiles --clean /etc/tmpfiles.d/momentary.conf
  527  ls -l /run/momentary/testfile
  528  ls -l /run/momentary/
  529  ls -l /run/momentary/testfile
  530  history
  531  cd ..
  532  ls -la
  533  cd /home/ctambunan/TambunanShellScripting/
  534  ls -la
  535  vim History_of_Redhat_Fedora_Server56.txt
  536  vim History_of_Redhat_Fedora_Server57.txt
  537  cat History_of_Redhat_Fedora_Server57.txt
  538  history
  539  ls -la
  540  cat History_of_Redhat_Fedora_Server58.txt
  541  vim History_of_Redhat_Fedora_Server58.txt
  542  cat History_of_Redhat_Fedora_Server57.txt
  543  history >> History_of_Redhat_Fedora_Server58.txt
  544  cat History_of_Redhat_Fedora_Server58.txt
  545  ip a
  546  history
  547  poweroff
  548  ls -la
  549  history
  550  ls -la
  551  yum install tuned
  552  systemctl enable --now tuned
  553  tuned-adm active
  554  tuned-adm list
  555  tuned-adm profile throughput-performance
  556  tuned-adm active
  557  tuned-adm recommend
  558  tuned-adm off
  559  tuned-adm active
  560  yum list tuned
  561  systemctl is-enabled tuned.service ; systemctl is-active tuned.service
  562  sudo tuned-adm list
  563  sudo tuned-adm profile powersave
  564  sudo tuned-adm active
  565  history
  566  cat TambunanShellScripting/History_of_Redhat_Fedora_Server60.txt
  567  cat TambunanShellScripting/History_of_Redhat_Fedora_Server59.txt
  568  history >> TambunanShellScripting/History_of_Redhat_Fedora_Server59.txt
  569  ip a
  570  ls -la
  571  ps axo pid, comm, nice,cls --sort=-nice
  572  ps axo pid,comm,nice,cls --sort=-nice
  573  sha1sum /dev/zero & [1] 3480
  574  sha1sum /dev/zero &
  575  ps -o pid,comm,nice 3480
  576  nice sha1sum /dev/zero &
  577  ps -o pid,comm,nice 3517
  578  nice -n 15 sha1sum &
  579  ps -o pid,comm,nice 3521
  580  renice -n 19 3521
  581  renice -n 19 58645
  582  lab tuning-procsheduling start
  583  grep -c '^processor' /proc/cpuinfo
  584  for i in $(seq 1 4); do sha1sum /dev/zero & done
  585  jobs
  586  ps u $(pgrep sha1sum)
  587  pkill sha1sum
  588  for i in $(seq 1 3); do sha1sum /dev/zero & done
  589  nice -n 10 sha1sum /dev/zero &
  590  ps -o pid,pcpu,nice,comm $(pgrep sha1sum)
  591  sudo renice -n 5 58645
  592  ps -o pid,pcpu,nice,comm $(pgrep sha1sum)
  593  history
  594  cat TambunanShellScripting/History_of_Redhat_Fedora_Server60.txt
  595  cat TambunanShellScripting/History_of_Redhat_Fedora_Server59.txt
  596  cat TambunanShellScripting/History_of_Redhat_Fedora_Server59.txt
  597  cat TambunanShellScripting/History_of_Redhat_Fedora_Server60.txt
  598  nano TambunanShellScripting/History_of_Redhat_Fedora_Server60.txt
  599  touch man
  600  man touch
  601  touch TambunanShellScripting/History_of_Redhat_Fedora_Server{61..70}.txt
  602  ls -la TambunanShellScripting/
  603  cat TambunanShellScripting/History_of_Redhat_Fedora_Server60.txt
  604  cat TambunanShellScripting/History_of_Redhat_Fedora_Server61.txt
  605  history >> TambunanShellScripting/History_of_Redhat_Fedora_Server61.txt
  606  ls -la
  607  ls -la TambunanShellScripting/
  608  mv History_Redhat_Fedora_Server1*.txt TambunanShellScripting/sean_gelael/
  609  ls -R TambunanShellScripting/sean_gelael/
  610  ls -R
  611  mv TambunanShellScripting/sean_gelael/History_Redhat_Fedora_Server1*.txt TambunanW/
  612  ls -R TambunanW/
  613  cat TambunanShellScripting/History_of_Redhat_Fedora_Server61.txt
  614  ip a
  615  history >> TambunanShellScripting/History_of_Redhat_Fedora_Server62.txt
  616  poweroff
  617  history
  618  ip a
  619  history
  620  getfacl reports.txt
  621  ls -la
  622  getfacl my_first_cron_job.txt
  623  ls -l my_first_cron_job.txt
  624  mv santy_oktavia.c my_second_cron_job.txt
  625  ls -la
  626  getfacl .
  627  ls -la /run/log/journal/
  628  getfacl /run/log/journal/
  629  ls -la /dev/
  630  ls -la /dev/sr0
  631  getfacl /dev/sr0
  632  ls -la
  633  history
  634  ls -la
  635  setfacl -m u:name:rX my_second_cron_job.txt
  636  setfacl -m u:name:rw my_second_cron_job.txt
  637  setfacl -m g:name:rw my_second_cron_job.txt
  638  cd ~
  639  setfacl -m u:name:rX /home/andi/
  640  setfacl -m u:name:rX /home/andi
  641  setfacl -m u:name:rX /home/andi/
  642  setfacl -m u:name:rX file
  643  ls -la
  644  poweroff
  645  ip a
  646  history
  647  ls -la
  648  mkdir -p shares/content
  649  ls -la
  650  setfacl -Rm g:consultants:rwX shares/content
  651  setfacl -Rm u:andi:rwX shares/content
  652  setfacl -Rm g:andi:rwX shares/content
  653  setfacl -m d:g:andi:rwx shares/content
  654  setfacl -m d:u:andi:- shares/content
  655  history
  656  cd ..
  657  cat /home/ctambunan/TambunanShellScripting/History_of_Redhat_Fedora_Server63.txt
  658  cat /home/ctambunan/TambunanShellScripting/History_of_Redhat_Fedora_Server64.txt
  659  history >> /home/ctambunan/TambunanShellScripting/History_of_Redhat_Fedora_Server64.txt
  660  cat /home/ctambunan/TambunanShellScripting/History_of_Redhat_Fedora_Server64.txt
  661  su - andi
  662  history
  663  cd /home/
  664  ls -la
  665  cd andi/
  666  ls -la
  667  cd user
  668  cd ..
  669  cd ctambunan/
  670  lsa -la
  671  ls
  672  history
  673   setfacl -Rm g:andi:rwX shares/content
  674  cd ~
  675  setfacl -Rm g:andi:rwX shares/content
  676  setfacl -Rm u:operator1:rwX shares/content
  677  setfacl -Rm u:andi:- /shares/content
  678  setfacl -Rm u:andi:- shares/content
  679  setfacl -m d:g:operator1:rwx /shares/content
  680  setfacl -m d:g:operator1:rwx shares/content
  681  setfacl -m d:u:andi:- /shares/content
  682  setfacl -m d:u:andi:- shares/content
  683  su operator2
  684  su - andi
  685  cd shares/content
  686  ls -la
  687   cat serverb-loadavg.txt
  688   touch serverb-loadavg.txt
  689  passwd operator1
  690  su - operator1
  691  touch loadavg.sh
  692  yum install glances
  693  glances
  694  glances >> loadavg.sh
  695  ls -la
  696  cat loadavg.sh
  697  vim loadavg.sh
  698  touch loadavg2.sh
  699  vim loadavg2.sh
  700  mv loadavg2.sh loadavg.sh
  701  cat loadavg.sh
  702  vim loadavg.sh
  703  rm loadavg.sh
  704  cat loadavg2.sh
  705  ls -la
  706  cp loadavg2.sh loadavg1.sh
  707  ls -la
  708  sh loadavg2.sh
  709  mkdir reports
  710  echo "Test Reports" > reports/test.txt
  711  exit
  712  ls -la
  713  history
  714  ip a
  715  history
  716  yum update
  717  ps axZ
  718  systemctl start httpd.socket
  719  systemctl start httpd
  720  ps -zC httpd
  721  ps -ZC httpd
  722  ls -Z /home
  723  ls -z /var/www
  724  ls -Z /var/www
  725  getenforce
  726  setenforce
  727  setenenforce
  728  setenforce
  729  setenforce 0
  730  getenforce
  731  setenforce Enforcing
  732  getenforce
  733  ls -la
  734  history
  735  poweroff
  736  ip a
  737  getenforce
  738  vim /etc/selinux/config
  739  systemctl reboot
  740  getenforce
  741  vim /etc/selinux/config
  742  grep '^SELINUX' /etc/selinux/config
  743  setenforce 1
  744  getenforce
  745  exit
  746  sudo -
  747  sudo -i
  748  history
  749  cd TambunanShellScripting/
  750  ls -la
  751  cat History_of_Redhat_Fedora_Server66.txt
  752  cat History_of_Redhat_Fedora_Server65.txt
  753  history >> History_of_Redhat_Fedora_Server66.txt
  754  ip a
  755  history
  756  poweroff
  757  mkdir /custom
  758  echo 'This is SERVERA. ' > /custom/index.html
  759  vim /etc/httpd/conf/httpd.conf
  760  nano /etc/httpd/conf/httpd.conf
  761  vim /etc/httpd/conf/httpd.conf
  762  grep custom /etc/httpd/conf/httpd.conf
  763  vim /etc/httpd/conf/httpd.conf
  764  grep custom /etc/httpd/conf/httpd.conf
  765  systemctl enable --now httpd
  766  systemctl status httpd
  767  semanage fcontext -a -t httpd_sys_content_t '/custom(/.*)?'
  768  restorecon -Rv /custom
  769  exit
  770  sudo -i
  771  ls -la
  772  history
  773  cd ~
  774  history
  775  exit
  776  vim /etc/httpd/conf.d/userdir.conf
  777  grep '#UserDir' /etc/httpd/conf.d/userdir.conf
  778  grep '^ *UserDir' /etc/httpd/conf.d/userdir.conf
  779  systemctl enable --now httpd
  780  mkdir ~/public_html
  781  echo 'This is student content on Servera.' > \ ~/public_html/index.html
  782  echo 'This is student content on SERVERA.' > \~/public_html/index.html
  783  echo 'This is student content on SERVERA.' > ~/public_html/index.html
  784  chmod 711 ~
  785  getsebool -a | grep home
  786  setsebool -P httpd_enable_homedirs on
  787  ls -la
  788  cd public_html/
  789  ls -la
  790  cat index.html
  791  cd ..
  792  history
  793  cat /home/ctambunan/TambunanShellScripting/History_of_Redhat_Fedora_Server68.txt
  794  history >> /home/ctambunan/TambunanShellScripting/History_of_Redhat_Fedora_Server68.txt
  795  less /var/log/messages
  796  sealert -l b1c9cc8f-a953-4625-b79b-82c4f4f1fee3
  797  SELinux is preventing /usr/sbin/httpd from getattr access on the file /custom/index.html.
  798  less /var/log/messages
  799  ausearch -m AVC -ts recent
  800  semanage fcontext -a -t httpd_sys_content_t '/custom(/.*)?'
  801  exit
  802  su -i
  803  su i
  804  su -i
  805  history
  806  cd TambunanShellScripting/
  807  ls -la
  808  cat History_of_Redhat_Fedora_Server67.txt
  809  history >> History_of_Redhat_Fedora_Server67.txt
  810  getsebool -a
  811  setsebool httpd_enable_homedirs
  812  getsebool httpd_enable_homedirs
  813  setsebool httpd_enable_homedirs on
  814  sudo setsebool httpd_enable_homedirs on
  815  sudo semanage boolean -l | grep httpd_enable_homedirs
  816  getsebool httpd_enable_homedirs
  817  setsebool -P httpd_enable_homedirs on
  818  sudo semanage boolean -l | grep httpd_enable_homedirs
  819  sudo semanage boolean -l -C
  820  sudo -i
  821  history
  822  cat History_of_Redhat_Fedora_Server69.txt
  823  history >> History_of_Redhat_Fedora_Server69.txt
  824  ip a
  825  netstat -tunlp
  826  systemctl start apache
  827  systemctl restart apache
  828  systemctl start httpd
  829  netstat -tunlp
  830  cat History_of_Redhat_Fedora_Server67.txt
  831  cat History_of_Redhat_Fedora_Server68.txt
  832  cat History_of_Redhat_Fedora_Server69.txt
  833  cat History_of_Redhat_Fedora_Server70.txt
  834  ls -la
  835  history >> History_of_Redhat_Fedora_Server70.txt
  836  cat History_of_Redhat_Fedora_Server70.txt
  837  cat History_of_Redhat_Fedora_Server71.txt
  838  touch History_of_Redhat_Fedora_Server{72..80}.txt
  839  ls -la
  840  parted /dev/vda print
  841  ls /dev/
  842  parted /dev/
  843  ls /dev/
  844  ls /dev/disk/
  845  ls /dev/disk/by-label
  846  ls /dev/disk/by-partuuid
  847  parted /dev/nvme0 print
  848  parted /dev/vcsa3
  849  parted /dev/vcs1
  850  parted /dev/vda
  851  clear
  852  history
  853  cat History_of_Redhat_Fedora_Server72.txt
  854  history >> History_of_Redhat_Fedora_Server72.txt
  855  df
  856  exit
  857  ls -la
  858  history
  859  poweroff
  860  history
  861  ip a
  862  ls -la
  863  history
  864  poweroff
  865  ls -la
  866  history
  867  ip a
  868  poweroff
  869  history
  870  ls
  871  ip a
  872  vgs
  873  lvcreate -n lv_testing -L 5G fedora_fedora
  874  lvs
  875  lvdisplay
  876  mkfs.ext4 /dev/fedora_fedora/lv_testing
  877  mkdir /test
  878  mount /dev/fedora_fedora/lv_testing /test
  879  df -H
  880  vi /etc/fstab
  881  umount /test
  882  df -H
  883  mount -H
  884  mount -a
  885  df -H
  886  vgs
  887  history
  888  ls -la
  889  cd TambunanShellScripting/
  890  ls -la
  891  history >> History_of_Redhat_Fedora_Server76.txt
  892  ls -la
  893  history >> History_of_Redhat_Fedora_Server_45.txt
  894  history >> History_of_Redhat_Fedora_Server_46.txt
  895  history >> History_of_Redhat_Fedora_Server_47.txt
  896  history >> History_of_Redhat_Fedora_Server_48.txt
  897  history >> History_of_Redhat_Fedora_Server_49.txt
  898  history >> History_of_Redhat_Fedora_Server_50.txt
  899  ls -la
  900  poweroff
  901  ls -la
  902  hostname charlestambunan
  903  exit
  904  ls -la
  905  history
  906  lvs
  907  vgds
  908  vgs
  909  ip a
  910  ipa
  911  ipa
  912  ip a
  913  history
  914  cd TambunanShellScripting/
  915  ls -la
  916  yum install stratisid stratis-cli
  917  yum install stratisd stratis-cli
  918  systemctl enable --now stratisd
  919  dvs
  920  vds
  921  df -H
  922  vgs
  923  dvs
  924  dv
  925  history
  926  ip a
  927  lvcreate -n docker_testing -L 6G fedora_fedora
  928  mkfs.ext4 /dev/fedora_fedora/docker_testing
  929  mkdir dockbreak
  930  mount /dev/fedora_fedora/docker_testing dockbreak/
  931  lvs
  932  df -H
  933  stratis pool create stratispool1 /dev/mapper/fedora_fedora-docker_testing
  934  stratis pool create stratispool1 /dev/mapper/fedora_fedora-lv_testing
  935  udev
  936  vgs
  937  stratis pool list
  938  lsblk
  939  blkid -p /dev/nvme0n1p2
  940  vgs
  941  stratis pool create stratispool1 /dev/nvme0n1p2
  942  lsblk
  943  vgs
  944  yum install vdo kmod-kvdo
  945  yum install vdo
  946  yum install kmod-kvdo
  947  history
  948  sudo dnf install kmod-kvdo vdo
  949  sudo dnf update -y
  950  cd ..
  951  cd /home/ctambunan/TambunanShellScripting/
  952  ls -la
  953  history >> History_of_Redhat_Fedora_Server78.txt
  954  ls -la
  955  poweroff
  956  poweroff
  957  ls -la
  958   nfsconf --set nfsd udp n
  959   nfsconf --set nfsd vers2 n
  960   nfsconf --set nfsd vers3 n
  961  nfsconf --set nfsd tcp y
  962  nfsconf --set nfsd vers4 y
  963  nfsconf --set nfsd vers4.0 y
  964  nfsconf --set nfsd vers4.1 y
  965   nfsconf --set nfsd vers4.2 y
  966  mkdir /mantappu
  967  mount -t nfs serverb.lab.example.com:/shares/
  968  public /mantappu
  969  mount -t nfs serverb.lab.example.commount | grep public
  970  mount | grep public
  971  umount /mantappu
  972  mount | grep mantappu
  973  umount /mantappu
  974  mount -t nfs serverb.lab.example.com:/shares/mantappu /mantappu/
  975  mount -t nfs serverb.lab.example.com:/shares/mantappu /mantappu
  976  mount -t nfs serverb.lab.example.com:/shares/public /mantappu
  977  vim /etc/fstab
  978  ls -l
  979  ls -l /mantappu
  980  systemctl reboot
  981  yum install autofs
  982  mount -t nfs \ serverb.lab.example.com:/shares/direct/external /mnt
  983  ls -l /mnt
  984   umount /mnt
  985  mount -t nfs \ serverb.lab.example.com:/shares/direct/external /mantappu
  986  vim /etc/auto.master.d/direct.autofs
  987  vim /etc/auto.direct
  988  mount -t nfs serverb.lab.example.com:/shares/ indirect /mnt
  989  mount -t nfs serverb.lab.example.com:/shares/indirect /mnt
  990   ls -l /mnt
  991   umount /mnt
  992  vim /etc/auto.master.d/indirect.autofs
  993  vim /etc/auto.indirect
  994  systemctl enable --now autofs
  995  systemctl reboot
  996  ls -la
  997  ip history
  998  history
  999  systemctl reboot
 1000   cat /external/testing.txt
 1001  ls -l /internal
 1002  mkdir /internal
 1003  ls -l /internal/west/
 1004  cat /internal/west/README.txt
 1005  echo testing-1 > /internal/west/testing-1.txt
 1006  ls -l /internal
 1007  ls -l /internal/central
 1008  cat /internal/central/README.txt
 1009  echo testing-2 > /internal/central/testing-2.txt
 1010  cat /internal/central/testing-2.txttesting-2
 1011  cat /internal/central/testing-2.txt testing-2
 1012  ls -l /internal
 1013  ls -l /internal/east
 1014   cat /internal/east/README.txt
 1015  echo testing-3 > /internal/east/testing-3.txt
 1016  cat /internal/east/testing-3.txt
 1017   ls -l /internal
 1018  ls -l /external
 1019  history
[root@fedora 02:48:36 ~]$ history /home/ctambunan/TambunanShellScripting/History_of_Redhat_Fedora_Server80.txt
-bash: history: /home/ctambunan/TambunanShellScripting/History_of_Redhat_Fedora_Server80.txt: numeric argument required
[root@fedora 02:49:01 ~]$ history >> /home/ctambunan/TambunanShellScripting/History_of_Redhat_Fedora_Server80.txt
[root@fedora 02:49:07 ~]$ cd /home/ctambunan/
[root@fedora 02:49:21 /home/ctambunan]$ ls -la
total 128
drwx------. 14 ctambunan ctambunan  4096 Jan 13 16:05 .
drwxr-xr-x. 10 root      root        146 Jan 19 23:15 ..
-rw-------.  1 ctambunan ctambunan  1228 Jan 20 21:03 .bash_history
-rw-r--r--.  1 ctambunan ctambunan    18 Jul 22  2021 .bash_logout
-rw-r--r--.  1 ctambunan ctambunan   141 Jul 22  2021 .bash_profile
-rw-r--r--.  1 ctambunan ctambunan   492 Jul 22  2021 .bashrc
-rw-r--r--.  1 root      root       1083 Jan  7 13:09 charles.h
drwxr-xr-x.  2 root      root         25 Jan  4 09:42 charles_tambunan
-rw-r--r--.  1 root      root        583 Jan  7 13:11 charles.tar
-rw-r--r--.  1 root      root        583 Jan  7 13:10 charles.tar.gz
-rw-r--r--.  1 root      root         20 Jan 13 16:05 cookies.txt
drwxr-xr-x.  2 root      root         64 Jan  4 12:04 dongan
-rw-r--r--.  1 ctambunan ctambunan 19966 Jan  7 17:02 history
-rw-r--r--.  1 root      root          0 Jan  5 06:55 konyolmsg
-rw-------.  1 ctambunan ctambunan    20 Jan  7 16:57 .lesshst
-rw-r--r--.  1 root      root          0 Jan 13 11:38 man
-rw-r--r--.  1 root      root          0 Jan 12 17:34 my_first_cron_job.txt
-rw-r--r--.  1 root      root         32 Jan 12 16:30 myjob.txt
-rw-r--r--.  1 root      root       1083 Jan  7 13:15 my_second_cron_job.txt
-rw-r--r--.  1 root      root         24 Jan 12 11:22 output-servera
-rw-r--r--.  1 root      root          0 Jan 12 11:22 output-serverb
-rw-r--r--.  1 root      root       1035 Jan 10 11:04 output.txt
-rw-r--r--.  1 root      root      20168 Jan  5 06:43 passwd.ps
drwx------.  2 ctambunan ctambunan    71 Jan  7 17:00 .ssh
drwxr-xr-x.  2 root      root          6 Jan  8 09:16 TambunanG
drwxr-xr-x.  2 root      root         86 Jan  6 17:20 TambunanH
drwxr-xr-x.  2 root      root       4096 Jan  8 09:18 TambunanJ
drwxr-xr-x.  2 root      root       4096 Jan  7 17:53 TambunanLogFiles
drwxr-xr-x. 11 root      root       4096 Jan 17 16:43 TambunanShellScripting
drwxr-xr-x.  4 root      root       4096 Jan 13 11:52 TambunanW
drwxr-xr-x.  7 root      root        139 Jan  5 07:41 TambunanX
drwxr-xr-x.  5 root      root       4096 Jan  5 15:05 TambunanY
drwxr-xr-x.  2 root      root         95 Jan  5 18:47 TambunanZ
-rw-r--r--.  1 root      root         13 Jan 13 16:00 tea.txt
-rw-------.  1 ctambunan ctambunan  1087 Jan  5 15:05 .viminfo
-rw-r--r--.  1 root      root        166 Jan  4 09:32 zcat
[root@fedora 02:49:24 /home/ctambunan]$ cd TambunanShellScripting/
[root@fedora 02:49:29 /home/ctambunan/TambunanShellScripting]$ ls -la
total 3556
drwxr-xr-x. 11 root      root         4096 Jan 17 16:43 .
drwx------. 14 ctambunan ctambunan    4096 Jan 13 16:05 ..
drwxr-xr-x.  2 root      root            6 Jan 10 15:16 1
-rw-r--r--.  1 root      root           41 Jan 10 11:08 andidori.sh
drwxr-xr-x.  2 root      root            6 Jan 10 15:16 echo
-rwxr-xr-x.  1 root      root          414 Jan 10 11:04 firstscript.sh
-rw-r--r--.  1 root      root           79 Jan 10 17:36 FiveScript.sh
-rw-r--r--.  1 root      root          121 Jan 10 16:45 FourthScript.sh
-rw-r--r--.  1 root      root        14442 Jan 10 11:31 History_of_Redhat_Fedora_Server_41.txt
-rw-r--r--.  1 root      root        15355 Jan 10 11:43 History_of_Redhat_Fedora_Server_42.txt
-rw-r--r--.  1 root      root        16385 Jan 10 12:40 History_of_Redhat_Fedora_Server_43.txt
-rw-r--r--.  1 root      root        19270 Jan 10 17:37 History_of_Redhat_Fedora_Server_44.txt
-rw-r--r--.  1 root      root        32338 Jan 19 20:04 History_of_Redhat_Fedora_Server_45.txt
-rw-r--r--.  1 root      root        32379 Jan 19 20:04 History_of_Redhat_Fedora_Server_46.txt
-rw-r--r--.  1 root      root        32422 Jan 19 20:04 History_of_Redhat_Fedora_Server_47.txt
-rw-r--r--.  1 root      root        32458 Jan 19 20:04 History_of_Redhat_Fedora_Server_48.txt
-rw-r--r--.  1 root      root        32501 Jan 19 20:04 History_of_Redhat_Fedora_Server_49.txt
-rw-r--r--.  1 root      root        32546 Jan 19 20:04 History_of_Redhat_Fedora_Server_50.txt
-rw-r--r--.  1 root      root        20450 Jan 11 18:29 History_of_Redhat_Fedora_Server51.txt
-rw-r--r--.  1 root      root      2553981 Jan 12 09:34 History_of_Redhat_Fedora_Server52.txt
-rw-r--r--.  1 root      root        25250 Jan 12 10:56 History_of_Redhat_Fedora_Server53.txt
-rw-r--r--.  1 root      root          745 Jan 12 11:25 History_of_Redhat_Fedora_Server54.txt
-rw-r--r--.  1 root      root        26304 Jan 12 11:59 History_of_Redhat_Fedora_Server55.txt
-rw-r--r--.  1 root      root          491 Jan 12 18:35 History_of_Redhat_Fedora_Server56.txt
-rw-r--r--.  1 root      root          525 Jan 12 18:35 History_of_Redhat_Fedora_Server57.txt
-rw-r--r--.  1 root      root        28194 Jan 12 18:52 History_of_Redhat_Fedora_Server58.txt
-rw-r--r--.  1 root      root        29026 Jan 13 10:29 History_of_Redhat_Fedora_Server59.txt
-rw-r--r--.  1 root      root          823 Jan 13 11:37 History_of_Redhat_Fedora_Server60.txt
-rw-r--r--.  1 root      root        30594 Jan 13 11:47 History_of_Redhat_Fedora_Server61.txt
-rw-r--r--.  1 root      root        31069 Jan 13 12:46 History_of_Redhat_Fedora_Server62.txt
-rw-r--r--.  1 root      root        31533 Jan 14 10:26 History_of_Redhat_Fedora_Server63.txt
-rw-r--r--.  1 root      root        31146 Jan 14 16:23 History_of_Redhat_Fedora_Server64.txt
-rw-r--r--.  1 root      root        31622 Jan 14 18:15 History_of_Redhat_Fedora_Server65.txt
-rw-r--r--.  1 root      root        31441 Jan 17 13:15 History_of_Redhat_Fedora_Server66.txt
-rw-r--r--.  1 root      root        31459 Jan 17 16:04 History_of_Redhat_Fedora_Server67.txt
-rw-r--r--.  1 root      root        31586 Jan 17 16:26 History_of_Redhat_Fedora_Server68.txt
-rw-r--r--.  1 root      root        31468 Jan 17 16:31 History_of_Redhat_Fedora_Server69.txt
-rw-r--r--.  1 root      root        31532 Jan 17 16:38 History_of_Redhat_Fedora_Server70.txt
-rw-r--r--.  1 root      root         3364 Jan 12 18:13 History_of_Redhat_Fedora_Server71.txt
-rw-r--r--.  1 root      root        31793 Jan 17 16:56 History_of_Redhat_Fedora_Server72.txt
-rw-r--r--.  1 root      root        32467 Jan 17 17:07 History_of_Redhat_Fedora_Server73.txt
-rwxrwxrwx.  1 root      root        32635 Jan 19 23:33 History_of_Redhat_Fedora_Server74.txt
-rwxrwxrwx.  1 root      root        32494 Jan 19 23:33 History_of_Redhat_Fedora_Server75.txt
-rwxrwxrwx.  1 root      root        32361 Jan 19 19:57 History_of_Redhat_Fedora_Server76.txt
-rwxrwxrwx.  1 root      root        32316 Jan 20 00:16 History_of_Redhat_Fedora_Server77.txt
-rwxrwxrwx.  1 root      root        32370 Jan 20 17:56 History_of_Redhat_Fedora_Server78.txt
-rwxrwxrwx.  1 root      root        32579 Jan 21 02:30 History_of_Redhat_Fedora_Server79.txt
-rwxrwxrwx.  1 root      root        32468 Jan 21 02:49 History_of_Redhat_Fedora_Server80.txt
drwxr-xr-x.  2 root      root          126 Jan 13 11:52 sean_gelael
-rw-r--r--.  1 root      root            0 Jan 10 17:56 sean_gelael1.txt
drwxr-xr-x.  2 root      root            6 Jan 10 15:36 sean_gelael2
-rw-r--r--+  1 root      root            0 Jan 10 17:56 sean_gelael2.txt
drwxr-xr-x.  2 root      root            6 Jan 10 15:36 sean_gelael3
-rw-r--r--.  1 root      root            0 Jan 10 17:56 sean_gelael3.txt
drwxr-xr-x.  2 root      root            6 Jan 10 15:43 sean_gelael4
-rw-r--r--.  1 root      root            0 Jan 10 17:56 sean_gelael4.txt
drwxr-xr-x.  2 root      root            6 Jan 10 15:43 sean_gelael5
-rw-r--r--.  1 root      root            0 Jan 10 17:56 sean_gelael5.txt
drwxr-xr-x.  2 root      root            6 Jan 10 15:43 sean_gelael6
-rw-r--r--.  1 root      root          111 Jan 10 12:38 SecondScript.sh
drwxr-xr-x.  2 root      root          108 Jan 14 16:13 tambunan
-rw-r--r--.  1 root      root          384 Jan 10 17:56 ThirdScript.sh
[root@fedora 02:49:30 /home/ctambunan/TambunanShellScripting]$ mv sean_gelael{1..5}.txt History_of_Redhat_Fedora_Server{91..95}.txt
mv: target 'History_of_Redhat_Fedora_Server95.txt' is not a directory
[root@fedora 02:59:06 /home/ctambunan/TambunanShellScripting]$ mv sean_gelael*.txt History_of_Redhat_Fedora_Server{91..95}.txt
mv: target 'History_of_Redhat_Fedora_Server95.txt' is not a directory
[root@fedora 02:59:35 /home/ctambunan/TambunanShellScripting]$ mv sean_gelael1.txt History_of_Redhat_Fedora_Server91.txt
[root@fedora 03:00:05 /home/ctambunan/TambunanShellScripting]$ mv sean_gelael2.txt History_of_Redhat_Fedora_Server92.txt
[root@fedora 03:00:16 /home/ctambunan/TambunanShellScripting]$ mv sean_gelael3.txt History_of_Redhat_Fedora_Server93.txt
[root@fedora 03:00:26 /home/ctambunan/TambunanShellScripting]$ mv sean_gelael4.txt History_of_Redhat_Fedora_Server94.txt
[root@fedora 03:00:38 /home/ctambunan/TambunanShellScripting]$ mv sean_gelael5.txt History_of_Redhat_Fedora_Server95.txt
[root@fedora 03:00:50 /home/ctambunan/TambunanShellScripting]$ mkdir sean_gelael{7..10}
[root@fedora 03:01:46 /home/ctambunan/TambunanShellScripting]$ ls -la
total 3556
drwxr-xr-x. 15 root      root         4096 Jan 21 03:01 .
drwx------. 14 ctambunan ctambunan    4096 Jan 13 16:05 ..
drwxr-xr-x.  2 root      root            6 Jan 10 15:16 1
-rw-r--r--.  1 root      root           41 Jan 10 11:08 andidori.sh
drwxr-xr-x.  2 root      root            6 Jan 10 15:16 echo
-rwxr-xr-x.  1 root      root          414 Jan 10 11:04 firstscript.sh
-rw-r--r--.  1 root      root           79 Jan 10 17:36 FiveScript.sh
-rw-r--r--.  1 root      root          121 Jan 10 16:45 FourthScript.sh
-rw-r--r--.  1 root      root        14442 Jan 10 11:31 History_of_Redhat_Fedora_Server_41.txt
-rw-r--r--.  1 root      root        15355 Jan 10 11:43 History_of_Redhat_Fedora_Server_42.txt
-rw-r--r--.  1 root      root        16385 Jan 10 12:40 History_of_Redhat_Fedora_Server_43.txt
-rw-r--r--.  1 root      root        19270 Jan 10 17:37 History_of_Redhat_Fedora_Server_44.txt
-rw-r--r--.  1 root      root        32338 Jan 19 20:04 History_of_Redhat_Fedora_Server_45.txt
-rw-r--r--.  1 root      root        32379 Jan 19 20:04 History_of_Redhat_Fedora_Server_46.txt
-rw-r--r--.  1 root      root        32422 Jan 19 20:04 History_of_Redhat_Fedora_Server_47.txt
-rw-r--r--.  1 root      root        32458 Jan 19 20:04 History_of_Redhat_Fedora_Server_48.txt
-rw-r--r--.  1 root      root        32501 Jan 19 20:04 History_of_Redhat_Fedora_Server_49.txt
-rw-r--r--.  1 root      root        32546 Jan 19 20:04 History_of_Redhat_Fedora_Server_50.txt
-rw-r--r--.  1 root      root        20450 Jan 11 18:29 History_of_Redhat_Fedora_Server51.txt
-rw-r--r--.  1 root      root      2553981 Jan 12 09:34 History_of_Redhat_Fedora_Server52.txt
-rw-r--r--.  1 root      root        25250 Jan 12 10:56 History_of_Redhat_Fedora_Server53.txt
-rw-r--r--.  1 root      root          745 Jan 12 11:25 History_of_Redhat_Fedora_Server54.txt
-rw-r--r--.  1 root      root        26304 Jan 12 11:59 History_of_Redhat_Fedora_Server55.txt
-rw-r--r--.  1 root      root          491 Jan 12 18:35 History_of_Redhat_Fedora_Server56.txt
-rw-r--r--.  1 root      root          525 Jan 12 18:35 History_of_Redhat_Fedora_Server57.txt
-rw-r--r--.  1 root      root        28194 Jan 12 18:52 History_of_Redhat_Fedora_Server58.txt
-rw-r--r--.  1 root      root        29026 Jan 13 10:29 History_of_Redhat_Fedora_Server59.txt
-rw-r--r--.  1 root      root          823 Jan 13 11:37 History_of_Redhat_Fedora_Server60.txt
-rw-r--r--.  1 root      root        30594 Jan 13 11:47 History_of_Redhat_Fedora_Server61.txt
-rw-r--r--.  1 root      root        31069 Jan 13 12:46 History_of_Redhat_Fedora_Server62.txt
-rw-r--r--.  1 root      root        31533 Jan 14 10:26 History_of_Redhat_Fedora_Server63.txt
-rw-r--r--.  1 root      root        31146 Jan 14 16:23 History_of_Redhat_Fedora_Server64.txt
-rw-r--r--.  1 root      root        31622 Jan 14 18:15 History_of_Redhat_Fedora_Server65.txt
-rw-r--r--.  1 root      root        31441 Jan 17 13:15 History_of_Redhat_Fedora_Server66.txt
-rw-r--r--.  1 root      root        31459 Jan 17 16:04 History_of_Redhat_Fedora_Server67.txt
-rw-r--r--.  1 root      root        31586 Jan 17 16:26 History_of_Redhat_Fedora_Server68.txt
-rw-r--r--.  1 root      root        31468 Jan 17 16:31 History_of_Redhat_Fedora_Server69.txt
-rw-r--r--.  1 root      root        31532 Jan 17 16:38 History_of_Redhat_Fedora_Server70.txt
-rw-r--r--.  1 root      root         3364 Jan 12 18:13 History_of_Redhat_Fedora_Server71.txt
-rw-r--r--.  1 root      root        31793 Jan 17 16:56 History_of_Redhat_Fedora_Server72.txt
-rw-r--r--.  1 root      root        32467 Jan 17 17:07 History_of_Redhat_Fedora_Server73.txt
-rwxrwxrwx.  1 root      root        32635 Jan 19 23:33 History_of_Redhat_Fedora_Server74.txt
-rwxrwxrwx.  1 root      root        32494 Jan 19 23:33 History_of_Redhat_Fedora_Server75.txt
-rwxrwxrwx.  1 root      root        32361 Jan 19 19:57 History_of_Redhat_Fedora_Server76.txt
-rwxrwxrwx.  1 root      root        32316 Jan 20 00:16 History_of_Redhat_Fedora_Server77.txt
-rwxrwxrwx.  1 root      root        32370 Jan 20 17:56 History_of_Redhat_Fedora_Server78.txt
-rwxrwxrwx.  1 root      root        32579 Jan 21 02:30 History_of_Redhat_Fedora_Server79.txt
-rwxrwxrwx.  1 root      root        32468 Jan 21 02:49 History_of_Redhat_Fedora_Server80.txt
-rw-r--r--.  1 root      root            0 Jan 10 17:56 History_of_Redhat_Fedora_Server91.txt
-rw-r--r--+  1 root      root            0 Jan 10 17:56 History_of_Redhat_Fedora_Server92.txt
-rw-r--r--.  1 root      root            0 Jan 10 17:56 History_of_Redhat_Fedora_Server93.txt
-rw-r--r--.  1 root      root            0 Jan 10 17:56 History_of_Redhat_Fedora_Server94.txt
-rw-r--r--.  1 root      root            0 Jan 10 17:56 History_of_Redhat_Fedora_Server95.txt
drwxr-xr-x.  2 root      root          126 Jan 13 11:52 sean_gelael
drwxr-xr-x.  2 root      root            6 Jan 21 03:01 sean_gelael10
drwxr-xr-x.  2 root      root            6 Jan 10 15:36 sean_gelael2
drwxr-xr-x.  2 root      root            6 Jan 10 15:36 sean_gelael3
drwxr-xr-x.  2 root      root            6 Jan 10 15:43 sean_gelael4
drwxr-xr-x.  2 root      root            6 Jan 10 15:43 sean_gelael5
drwxr-xr-x.  2 root      root            6 Jan 10 15:43 sean_gelael6
drwxr-xr-x.  2 root      root            6 Jan 21 03:01 sean_gelael7
drwxr-xr-x.  2 root      root            6 Jan 21 03:01 sean_gelael8
drwxr-xr-x.  2 root      root            6 Jan 21 03:01 sean_gelael9
-rw-r--r--.  1 root      root          111 Jan 10 12:38 SecondScript.sh
drwxr-xr-x.  2 root      root          108 Jan 14 16:13 tambunan
-rw-r--r--.  1 root      root          384 Jan 10 17:56 ThirdScript.sh
[root@fedora 03:01:47 /home/ctambunan/TambunanShellScripting]$ mv sean_gelael sean_gelael1
[root@fedora 03:02:08 /home/ctambunan/TambunanShellScripting]$ ls -la
total 3560
drwxr-xr-x. 15 root      root         4096 Jan 21 03:02 .
drwx------. 14 ctambunan ctambunan    4096 Jan 13 16:05 ..
drwxr-xr-x.  2 root      root            6 Jan 10 15:16 1
-rw-r--r--.  1 root      root           41 Jan 10 11:08 andidori.sh
drwxr-xr-x.  2 root      root            6 Jan 10 15:16 echo
-rwxr-xr-x.  1 root      root          414 Jan 10 11:04 firstscript.sh
-rw-r--r--.  1 root      root           79 Jan 10 17:36 FiveScript.sh
-rw-r--r--.  1 root      root          121 Jan 10 16:45 FourthScript.sh
-rw-r--r--.  1 root      root        14442 Jan 10 11:31 History_of_Redhat_Fedora_Server_41.txt
-rw-r--r--.  1 root      root        15355 Jan 10 11:43 History_of_Redhat_Fedora_Server_42.txt
-rw-r--r--.  1 root      root        16385 Jan 10 12:40 History_of_Redhat_Fedora_Server_43.txt
-rw-r--r--.  1 root      root        19270 Jan 10 17:37 History_of_Redhat_Fedora_Server_44.txt
-rw-r--r--.  1 root      root        32338 Jan 19 20:04 History_of_Redhat_Fedora_Server_45.txt
-rw-r--r--.  1 root      root        32379 Jan 19 20:04 History_of_Redhat_Fedora_Server_46.txt
-rw-r--r--.  1 root      root        32422 Jan 19 20:04 History_of_Redhat_Fedora_Server_47.txt
-rw-r--r--.  1 root      root        32458 Jan 19 20:04 History_of_Redhat_Fedora_Server_48.txt
-rw-r--r--.  1 root      root        32501 Jan 19 20:04 History_of_Redhat_Fedora_Server_49.txt
-rw-r--r--.  1 root      root        32546 Jan 19 20:04 History_of_Redhat_Fedora_Server_50.txt
-rw-r--r--.  1 root      root        20450 Jan 11 18:29 History_of_Redhat_Fedora_Server51.txt
-rw-r--r--.  1 root      root      2553981 Jan 12 09:34 History_of_Redhat_Fedora_Server52.txt
-rw-r--r--.  1 root      root        25250 Jan 12 10:56 History_of_Redhat_Fedora_Server53.txt
-rw-r--r--.  1 root      root          745 Jan 12 11:25 History_of_Redhat_Fedora_Server54.txt
-rw-r--r--.  1 root      root        26304 Jan 12 11:59 History_of_Redhat_Fedora_Server55.txt
-rw-r--r--.  1 root      root          491 Jan 12 18:35 History_of_Redhat_Fedora_Server56.txt
-rw-r--r--.  1 root      root          525 Jan 12 18:35 History_of_Redhat_Fedora_Server57.txt
-rw-r--r--.  1 root      root        28194 Jan 12 18:52 History_of_Redhat_Fedora_Server58.txt
-rw-r--r--.  1 root      root        29026 Jan 13 10:29 History_of_Redhat_Fedora_Server59.txt
-rw-r--r--.  1 root      root          823 Jan 13 11:37 History_of_Redhat_Fedora_Server60.txt
-rw-r--r--.  1 root      root        30594 Jan 13 11:47 History_of_Redhat_Fedora_Server61.txt
-rw-r--r--.  1 root      root        31069 Jan 13 12:46 History_of_Redhat_Fedora_Server62.txt
-rw-r--r--.  1 root      root        31533 Jan 14 10:26 History_of_Redhat_Fedora_Server63.txt
-rw-r--r--.  1 root      root        31146 Jan 14 16:23 History_of_Redhat_Fedora_Server64.txt
-rw-r--r--.  1 root      root        31622 Jan 14 18:15 History_of_Redhat_Fedora_Server65.txt
-rw-r--r--.  1 root      root        31441 Jan 17 13:15 History_of_Redhat_Fedora_Server66.txt
-rw-r--r--.  1 root      root        31459 Jan 17 16:04 History_of_Redhat_Fedora_Server67.txt
-rw-r--r--.  1 root      root        31586 Jan 17 16:26 History_of_Redhat_Fedora_Server68.txt
-rw-r--r--.  1 root      root        31468 Jan 17 16:31 History_of_Redhat_Fedora_Server69.txt
-rw-r--r--.  1 root      root        31532 Jan 17 16:38 History_of_Redhat_Fedora_Server70.txt
-rw-r--r--.  1 root      root         3364 Jan 12 18:13 History_of_Redhat_Fedora_Server71.txt
-rw-r--r--.  1 root      root        31793 Jan 17 16:56 History_of_Redhat_Fedora_Server72.txt
-rw-r--r--.  1 root      root        32467 Jan 17 17:07 History_of_Redhat_Fedora_Server73.txt
-rwxrwxrwx.  1 root      root        32635 Jan 19 23:33 History_of_Redhat_Fedora_Server74.txt
-rwxrwxrwx.  1 root      root        32494 Jan 19 23:33 History_of_Redhat_Fedora_Server75.txt
-rwxrwxrwx.  1 root      root        32361 Jan 19 19:57 History_of_Redhat_Fedora_Server76.txt
-rwxrwxrwx.  1 root      root        32316 Jan 20 00:16 History_of_Redhat_Fedora_Server77.txt
-rwxrwxrwx.  1 root      root        32370 Jan 20 17:56 History_of_Redhat_Fedora_Server78.txt
-rwxrwxrwx.  1 root      root        32579 Jan 21 02:30 History_of_Redhat_Fedora_Server79.txt
-rwxrwxrwx.  1 root      root        32468 Jan 21 02:49 History_of_Redhat_Fedora_Server80.txt
-rw-r--r--.  1 root      root            0 Jan 10 17:56 History_of_Redhat_Fedora_Server91.txt
-rw-r--r--+  1 root      root            0 Jan 10 17:56 History_of_Redhat_Fedora_Server92.txt
-rw-r--r--.  1 root      root            0 Jan 10 17:56 History_of_Redhat_Fedora_Server93.txt
-rw-r--r--.  1 root      root            0 Jan 10 17:56 History_of_Redhat_Fedora_Server94.txt
-rw-r--r--.  1 root      root            0 Jan 10 17:56 History_of_Redhat_Fedora_Server95.txt
drwxr-xr-x.  2 root      root          126 Jan 13 11:52 sean_gelael1
drwxr-xr-x.  2 root      root            6 Jan 21 03:01 sean_gelael10
drwxr-xr-x.  2 root      root            6 Jan 10 15:36 sean_gelael2
drwxr-xr-x.  2 root      root            6 Jan 10 15:36 sean_gelael3
drwxr-xr-x.  2 root      root            6 Jan 10 15:43 sean_gelael4
drwxr-xr-x.  2 root      root            6 Jan 10 15:43 sean_gelael5
drwxr-xr-x.  2 root      root            6 Jan 10 15:43 sean_gelael6
drwxr-xr-x.  2 root      root            6 Jan 21 03:01 sean_gelael7
drwxr-xr-x.  2 root      root            6 Jan 21 03:01 sean_gelael8
drwxr-xr-x.  2 root      root            6 Jan 21 03:01 sean_gelael9
-rw-r--r--.  1 root      root          111 Jan 10 12:38 SecondScript.sh
drwxr-xr-x.  2 root      root          108 Jan 14 16:13 tambunan
-rw-r--r--.  1 root      root          384 Jan 10 17:56 ThirdScript.sh
[root@fedora 03:02:10 /home/ctambunan/TambunanShellScripting]$ mv sean_gelael sean_gelael01
mv: cannot stat 'sean_gelael': No such file or directory
[root@fedora 03:02:25 /home/ctambunan/TambunanShellScripting]$ mv sean_gelael1 sean_gelael01
[root@fedora 03:02:28 /home/ctambunan/TambunanShellScripting]$ mv sean_gelael2 sean_gelael02
[root@fedora 03:02:33 /home/ctambunan/TambunanShellScripting]$ mv sean_gelael3 sean_gelael03
[root@fedora 03:02:37 /home/ctambunan/TambunanShellScripting]$ mv sean_gelael4 sean_gelael04
[root@fedora 03:02:41 /home/ctambunan/TambunanShellScripting]$ mv sean_gelael5 sean_gelael05
[root@fedora 03:02:46 /home/ctambunan/TambunanShellScripting]$ mv sean_gelael6 sean_gelael06
[root@fedora 03:02:51 /home/ctambunan/TambunanShellScripting]$ mv sean_gelael7 sean_gelael07
[root@fedora 03:02:56 /home/ctambunan/TambunanShellScripting]$ mv sean_gelael8 sean_gelael08
[root@fedora 03:03:03 /home/ctambunan/TambunanShellScripting]$ mv sean_gelael9 sean_gelael09
[root@fedora 03:03:09 /home/ctambunan/TambunanShellScripting]$ ls -la
total 3560
drwxr-xr-x. 15 root      root         4096 Jan 21 03:03 .
drwx------. 14 ctambunan ctambunan    4096 Jan 13 16:05 ..
drwxr-xr-x.  2 root      root            6 Jan 10 15:16 1
-rw-r--r--.  1 root      root           41 Jan 10 11:08 andidori.sh
drwxr-xr-x.  2 root      root            6 Jan 10 15:16 echo
-rwxr-xr-x.  1 root      root          414 Jan 10 11:04 firstscript.sh
-rw-r--r--.  1 root      root           79 Jan 10 17:36 FiveScript.sh
-rw-r--r--.  1 root      root          121 Jan 10 16:45 FourthScript.sh
-rw-r--r--.  1 root      root        14442 Jan 10 11:31 History_of_Redhat_Fedora_Server_41.txt
-rw-r--r--.  1 root      root        15355 Jan 10 11:43 History_of_Redhat_Fedora_Server_42.txt
-rw-r--r--.  1 root      root        16385 Jan 10 12:40 History_of_Redhat_Fedora_Server_43.txt
-rw-r--r--.  1 root      root        19270 Jan 10 17:37 History_of_Redhat_Fedora_Server_44.txt
-rw-r--r--.  1 root      root        32338 Jan 19 20:04 History_of_Redhat_Fedora_Server_45.txt
-rw-r--r--.  1 root      root        32379 Jan 19 20:04 History_of_Redhat_Fedora_Server_46.txt
-rw-r--r--.  1 root      root        32422 Jan 19 20:04 History_of_Redhat_Fedora_Server_47.txt
-rw-r--r--.  1 root      root        32458 Jan 19 20:04 History_of_Redhat_Fedora_Server_48.txt
-rw-r--r--.  1 root      root        32501 Jan 19 20:04 History_of_Redhat_Fedora_Server_49.txt
-rw-r--r--.  1 root      root        32546 Jan 19 20:04 History_of_Redhat_Fedora_Server_50.txt
-rw-r--r--.  1 root      root        20450 Jan 11 18:29 History_of_Redhat_Fedora_Server51.txt
-rw-r--r--.  1 root      root      2553981 Jan 12 09:34 History_of_Redhat_Fedora_Server52.txt
-rw-r--r--.  1 root      root        25250 Jan 12 10:56 History_of_Redhat_Fedora_Server53.txt
-rw-r--r--.  1 root      root          745 Jan 12 11:25 History_of_Redhat_Fedora_Server54.txt
-rw-r--r--.  1 root      root        26304 Jan 12 11:59 History_of_Redhat_Fedora_Server55.txt
-rw-r--r--.  1 root      root          491 Jan 12 18:35 History_of_Redhat_Fedora_Server56.txt
-rw-r--r--.  1 root      root          525 Jan 12 18:35 History_of_Redhat_Fedora_Server57.txt
-rw-r--r--.  1 root      root        28194 Jan 12 18:52 History_of_Redhat_Fedora_Server58.txt
-rw-r--r--.  1 root      root        29026 Jan 13 10:29 History_of_Redhat_Fedora_Server59.txt
-rw-r--r--.  1 root      root          823 Jan 13 11:37 History_of_Redhat_Fedora_Server60.txt
-rw-r--r--.  1 root      root        30594 Jan 13 11:47 History_of_Redhat_Fedora_Server61.txt
-rw-r--r--.  1 root      root        31069 Jan 13 12:46 History_of_Redhat_Fedora_Server62.txt
-rw-r--r--.  1 root      root        31533 Jan 14 10:26 History_of_Redhat_Fedora_Server63.txt
-rw-r--r--.  1 root      root        31146 Jan 14 16:23 History_of_Redhat_Fedora_Server64.txt
-rw-r--r--.  1 root      root        31622 Jan 14 18:15 History_of_Redhat_Fedora_Server65.txt
-rw-r--r--.  1 root      root        31441 Jan 17 13:15 History_of_Redhat_Fedora_Server66.txt
-rw-r--r--.  1 root      root        31459 Jan 17 16:04 History_of_Redhat_Fedora_Server67.txt
-rw-r--r--.  1 root      root        31586 Jan 17 16:26 History_of_Redhat_Fedora_Server68.txt
-rw-r--r--.  1 root      root        31468 Jan 17 16:31 History_of_Redhat_Fedora_Server69.txt
-rw-r--r--.  1 root      root        31532 Jan 17 16:38 History_of_Redhat_Fedora_Server70.txt
-rw-r--r--.  1 root      root         3364 Jan 12 18:13 History_of_Redhat_Fedora_Server71.txt
-rw-r--r--.  1 root      root        31793 Jan 17 16:56 History_of_Redhat_Fedora_Server72.txt
-rw-r--r--.  1 root      root        32467 Jan 17 17:07 History_of_Redhat_Fedora_Server73.txt
-rwxrwxrwx.  1 root      root        32635 Jan 19 23:33 History_of_Redhat_Fedora_Server74.txt
-rwxrwxrwx.  1 root      root        32494 Jan 19 23:33 History_of_Redhat_Fedora_Server75.txt
-rwxrwxrwx.  1 root      root        32361 Jan 19 19:57 History_of_Redhat_Fedora_Server76.txt
-rwxrwxrwx.  1 root      root        32316 Jan 20 00:16 History_of_Redhat_Fedora_Server77.txt
-rwxrwxrwx.  1 root      root        32370 Jan 20 17:56 History_of_Redhat_Fedora_Server78.txt
-rwxrwxrwx.  1 root      root        32579 Jan 21 02:30 History_of_Redhat_Fedora_Server79.txt
-rwxrwxrwx.  1 root      root        32468 Jan 21 02:49 History_of_Redhat_Fedora_Server80.txt
-rw-r--r--.  1 root      root            0 Jan 10 17:56 History_of_Redhat_Fedora_Server91.txt
-rw-r--r--+  1 root      root            0 Jan 10 17:56 History_of_Redhat_Fedora_Server92.txt
-rw-r--r--.  1 root      root            0 Jan 10 17:56 History_of_Redhat_Fedora_Server93.txt
-rw-r--r--.  1 root      root            0 Jan 10 17:56 History_of_Redhat_Fedora_Server94.txt
-rw-r--r--.  1 root      root            0 Jan 10 17:56 History_of_Redhat_Fedora_Server95.txt
drwxr-xr-x.  2 root      root          126 Jan 13 11:52 sean_gelael01
drwxr-xr-x.  2 root      root            6 Jan 10 15:36 sean_gelael02
drwxr-xr-x.  2 root      root            6 Jan 10 15:36 sean_gelael03
drwxr-xr-x.  2 root      root            6 Jan 10 15:43 sean_gelael04
drwxr-xr-x.  2 root      root            6 Jan 10 15:43 sean_gelael05
drwxr-xr-x.  2 root      root            6 Jan 10 15:43 sean_gelael06
drwxr-xr-x.  2 root      root            6 Jan 21 03:01 sean_gelael07
drwxr-xr-x.  2 root      root            6 Jan 21 03:01 sean_gelael08
drwxr-xr-x.  2 root      root            6 Jan 21 03:01 sean_gelael09
drwxr-xr-x.  2 root      root            6 Jan 21 03:01 sean_gelael10
-rw-r--r--.  1 root      root          111 Jan 10 12:38 SecondScript.sh
drwxr-xr-x.  2 root      root          108 Jan 14 16:13 tambunan
-rw-r--r--.  1 root      root          384 Jan 10 17:56 ThirdScript.sh
[root@fedora 03:03:11 /home/ctambunan/TambunanShellScripting]$ [r[root[root[ro[ro[root[roo[root@fedora 03:03:11 /home/ctambunan/TambunanShellScripting]$ poweroff